Fetched latest WhatsApp version: 2.3000.1035194821
Connection status: connecting
WhatsApp Baileys service listening on port 8080
{"level":30,"time":1781023076139,"pid":13564,"hostname":"DESKTOP-S43JR5G","browser":["Windows","Chrome","120.0.0.0"],"helloMsg":{"clientHello":{"ephemeral":"31Z56d9B3MBpBHzEMn2W4ulMYvX/mTHKHKYMkccwMG4="}},"msg":"connected to WA"}
{"level":30,"time":1781023076299,"pid":13564,"hostname":"DESKTOP-S43JR5G","node":{"passive":false,"userAgent":{"platform":"WEB","appVersion":{"primary":2,"secondary":3000,"tertiary":1035194821},"osVersion":"0.1","device":"Desktop","osBuildNumber":"0.1","releaseChannel":"RELEASE","localeLanguageIso6391":"en","localeCountryIso31661Alpha2":"US"},"webInfo":{"webSubPlatform":"WEB_BROWSER"},"connectType":"WIFI_UNKNOWN","connectReason":"USER_ACTIVATED","devicePairingData":{"eRegid":"AAAAiQ==","eKeytype":"BQ==","eIdent":"3kGBivQ9BiFI2lKGkro7pxwLSVa72uNiZFIbuAgQSS0=","eSkeyId":"AAAB","eSkeyVal":"F0oS83G9WvBNBALThvld82ZS4MVVzdl+zgGV+6+vln0=","eSkeySig":"wXSZAUknmUjyP2nkJwYT8j2hhFMOgf7H44q09BqFrKQAzw9LMzB0eKiXzD3+dgxTSw5IjErTowNZTf4GiIPGAQ==","buildHash":"oslHHv+RCp4a5lmJCiiHLQ==","deviceProps":"CgdXaW5kb3dzGAEgAA=="}},"msg":"not logged in, attempting registration..."}
▄▄▄▄▄▄▄▄▄▄▄▄▄▄▄▄▄▄▄▄▄▄▄▄▄▄▄▄▄▄▄▄▄▄▄▄▄▄▄▄▄▄▄▄▄▄▄▄▄▄▄▄▄▄▄▄▄▄▄
█ ▄▄▄▄▄ █▀█   ▀▄█▀   ██  ▄ █▀▀ ▄█ ▀▀▀ ▀▀▀▀▄▄ █▄▄ ██ ▄▄▄▄▄ █
█ █   █ █▀▄▄▄▄ ███  ██▄█▀▀▀█▀▄▀  ██▀▀ █▀▀▄▄▄ ▄ ▄ ██ █   █ █
█ █▄▄▄█ █▀▄▀█▄▄█▄█▀█▄ ▄▄▀ █ ▄▄▄ █▀█▀█▀▄▀ ▀  █▄▀▀▄██ █▄▄▄█ █
█▄▄▄▄▄▄▄█▄█ █▄█▄▀▄█ ▀ █ █ █ █▄█ ▀▄█ ▀▄█▄█▄█ █▄▀ ▀▄█▄▄▄▄▄▄▄█
█▄▄▄  ▀▄ ▄▀▄ ▀▄▀█▄▄ ▀███▀▀▄   ▄ ▀█▀█▀▄ █▀█▀▀▄▀▄▄▀  █ ▀▄▀ ▀█
█▀▄▄▀▀ ▄▄█▀█▄▀▄ ▄█▀ ▀▀▀ ▄  █▄▄ ██▀▄▀ ▄▄▄█▀▄█▀ ▄█▄█▄█▄ ▀▀ ██
█▄█ █ ▀▄ █▄██ ▄▄▄▄▀  ▄▀▄▀ ███▀▀█▄▀█▄▀▄ █▄█▀  ██▄ ▀ █▀▀█▄▀▀█
█ ▀ █▄ ▄▀▄▀▀███▀ ▄███▀▀▀▀█▀▄▀██  █▄▀▄▀▀▄▄▄  █▄██▀▀▀▄▄ █ ▀██
█▄█ ▀█▀▄█ █▀ ▄▄▀█▄▀▄▀█▀█▀▀█ ▀ ▀▀▄▀▀▄▄▄▀█▀▀█▀ ▀██▀▀▀█ ███ ██
██   █ ▄ ▄▄ █▀▀█ ▄▄▀█▄▀▄ █▀▄▀ █▄▀▄▀▄█▄▀  ▄▄▀ ▄█▀█▄██ ▄▀  ▀█
█▀▀ ██▄▄▄▀███ ▀█▄▀▄▄▄█▄▀▀▄▀▀▀▀▀▀▄█▄█▄▄▀█▀█▄  █ █▄▀▀███▄█▀ █
█ ██▄ ▄▄███▄▀▀█▀▄   ▄█▄█▀█▀ █▄  ▄██ ▀███▀▀▄█ █▀ ▄█▄█▀▀  ▀██
█ ▀█▄█ ▄▀▀▀▄▄▀█▄▄▄▀▄█▄██▀ █▀▀█▄▀▄ ▄ ▄▄ ▄▀▀   ████▀ ▄▀▀▄  ▄█
█▀ ▀▄ ▄▄▄ ▀▀▀▄▀▀▀▀▄█ ▀▄█  █ ▄▄▄  ▄▄███▀▄▀█▄▀█▀ ▄█ ▄▄▄ █ ▄▀█
█ ▀▄▀ █▄█ ▀▀▀█▀▄█▄▄▀▀█▄█▀▀▀ █▄█  ▀▄▄▄▄ ▄▀▀▀ ▄▀█▄█ █▄█ ▄██ █
█▄▄▄█  ▄▄▄▄▀▄█▀ ▀▄  █ ▀ ▄▀▄    ▄█▀█ ▀▄▀▄███ █▀▀▀ ▄▄ ▄▄▄▀▄██
█ ▀▄▄▄▄▄█  █▀ █ ▄█▄ ▄▄█▀█▀▄ █▄▀  ▀▀█▄▄▀█▀▀ ▀████▀█▄ ▄▄▄▀█ █
█▄█ █▀█▄█  ▀█ ▀▄▄▄▀▄▀▄██ ▄▄ ▄ ▀ ▀   ▀ █ ▄ ▄██  ▄▀▄▄█▀▀█ ▀██
██▀▄█▀█▄▀▄▄█▄▀█▀▀█▄ ▀▀██▄ ▄▄▀█ █▀█▄█▄▄ ▄█▀  ▄██▄█▀▀ ▄▄ ▀█▀█
██▄▀▀ ▄▄███▀ █ ▀▀█▀ ▀ ▄▀▄ █▄▀█▄▄ ▄▀▄▀▀▀██▀▀ ▀ ▄▄▀▄▄▀▀▄  ▄▄█
█▄▀▄▀ ▀▄ ██ █▄ ▀▀▄▄ ▄▄██ ▀█▀▄█▄▄▀█▀█▄▄▀█▄█▀▀ ▀██▀ ▀█▀▄▀▀▀▀█
█ ▀▄▀  ▄▀▀ ▀█▀▄▀  ▀ ██▀ █▀█▀██▀▄▀█▀█▀█▀█ ██▀▄▄▄█▄█▀▀  ▄▀▄██
█▀▀▀▄▀ ▄█ ▀ ▀▀▀ ▄▄▀  ▄▀▄ ▀█ ███▄▄█▄▄ ▄▀███ ▀ ▀▄▄█▀▀█▀▄▄█ ▄█
█ ▀ ▀▀▄▄█ █▄▀█▄ ▄ ▄▀▀▀ █▀█▄ ▀▀ ▄▄▄█▀█▀█ ▄▄▄▄ ▀▀██▄▄█▄▄█  ▀█
███████▄█  ▄▀█ ▀█▄▄▄▀█▀█▀ ▄ ▄▄▄  ▀▄█   ▄▀▀  ▄██▄▀ ▄▄▄  ▀ ██
█ ▄▄▄▄▄ █▄ ▀▀ ▀▄▄█▄█▄  ▀▄ █ █▄█ ████▀█▀██▀█  ▀▀ ▄ █▄█  ▀▄██
█ █   █ █ ▀█▀▀  ▄▀▄▄▄█▀▀▀▄▄▄   ▄ ██▄ ▄ ▄█▀▀▀ ▀█▄▀▄▄    █▄▄█
█ █▄▄▄█ █  ▄██▄ ▄ ▀▀▄█▄▀▀█▀▄█▀▀███▄▀▄▀▀  ▀▀█▄▀ ▀ ▄▀█▀█ ▀███
█▄▄▄▄▄▄▄█▄▄▄█▄██▄█▄▄▄▄▄███▄█▄▄█▄▄▄▄▄▄▄▄▄██▄█▄█▄▄▄█▄▄██▄▄▄██

▄▄▄▄▄▄▄▄▄▄▄▄▄▄▄▄▄▄▄▄▄▄▄▄▄▄▄▄▄▄▄▄▄▄▄▄▄▄▄▄▄▄▄▄▄▄▄▄▄▄▄▄▄▄▄▄▄▄▄
█ ▄▄▄▄▄ █▄▀▀▀ █▀█▄ ▀▀▄ ▀█▄█ █ ▀▄ ██ █ █▄▄▀█▄█▀ ▄ ██ ▄▄▄▄▄ █
█ █   █ ██ ▀  ▀▀ ▀  █▀  ▀▀ ▀█▀▀ ▀▀▀▄ ▀▄██▀▄▄  ▄▄ ██ █   █ █
█ █▄▄▄█ ██ █▄ ▄▄ ▀▄█▄▀  ▄ █ ▄▄▄ ██▀█ ▄▄ ███  ▄█▀▄██ █▄▄▄█ █
█▄▄▄▄▄▄▄█ ▀▄▀▄▀ █▄█ █▄▀ █ ▀ █▄█ █ ▀ ▀▄▀ ▀▄█ ▀ █ ▀▄█▄▄▄▄▄▄▄█
█▄▄▀▄▄▀▄█▀██████▀▀▄  ▀▀ ▀▀▀▄▄▄▄  ▀█ ▀▄▀▀█ ▀▀██ ▀  ▀ █▀█▀▀▄█
█▀▄███▄▄█▄█ ▀█▄▀ ▀▄ ▀ █▄▀ ▀▄▄ ███ ▄▀█▄ █▀█▀█▀▀▄█ ██▄█▄▄▀ ▄█
█▄   ▀ ▄▄ ▄ ▄ ▀▀ █  █▀██   ▀█  █▀▄ █ ▄▄  ▄▀ █  █  █ ▀▄▄▄▄▄█
█▀▀▄▄▀ ▄ ▀█▄██▄█▄▀██▄███▀█  ▄ █▄▀▀██▄█▄▀▄▀▀█ ▄ ▀█▀  ▀█▀▀ ▀█
█▄█  ▀▄▄█▀▀██▄▄ ▀ ▄▄▀██▀▄▀█▀█▄  ▄ █ █▄▀▄▀▀█ ▀▄▀▀▄▀▀▄▄▀▀█▄▄█
█  ▀ ▄▀▄█▀ ▀▄▀▄ ███▀▀ ██ ▀▄▀█▀██ ▀██▀ ██▀█▄ ▄▄  ▄▄▄▄▄█  ▀▄█
█▄█▄▀█▄▄██▀ ▀▄ ▀ ▄▄▄█▀ ▄▀▄ ██▄▀▀█▀  ▄▄ ▀█▄▄ ▀█▄ ▄▀▀▀▀ ▄█▀██
█ █▄ ▀█▄█▄▀█ ▄█▄ ▄█ ▄▄ ▀▄█▀▀▀ █ ██▀▄███▄██▀█ ██▄▀█▀▀█▀█ ▀▄█
█ ▄   ▄▄▄▄  ▄▄██ █ ▄ ▀▀▄  ▄▄█▄█▀▀█ ▀█▄█▀█ ▀ █ ▀▄▀▀█ ▀ █ █▀█
█▀▀█  ▄▄▄ ▀ █▄▄ █▄▄█▀█    ▀ ▄▄▄ ▀ ▄▄██▄ █ ▄█▄█▄█▄ ▄▄▄ ▀ ███
█ ▀▀▄ █▄█ █▀▄███▀ ▀▀▀▄ ▀▄▀▀ █▄█   ▀▀▀▄ ▄██▄ ▄ █ █ █▄█ █ █▀█
█   ▄ ▄▄ ▄  ██▄███▄▀ █  █▀  ▄  ▄ ▄   ▄▄ █  ▄▄ ▀▀ ▄ ▄▄▄  ▀ █
█▀█▀ ▀▄▄ █▄ ▀ ▄▄▀ ▄▄   ▄  █▄▀▀▀ ▀██  ▄  █   ▀▀▀ ▀██▄  ▄▀ ▄█
█▄ █ █ ▄▀▄▄█  ▀██ ▄▄█ ▀▀ █▄▀██▄ ▀▀▄▄▀▀▄▀ ▀ █▄▄▄ █▄▄▄▀▀  █ █
██ ▀▀ ▄▄▄▀ ▄██ ▄█▄█ ▄▄▀▄█ ▀▀█▄  ▄  ▄▀ █▀▀ ▀ █ ▀█▄▀▄█ █▀▀ ▄█
██████▄▄▄▀██▀▀███ ▀  ▄ ▄▄ ▄ █ ▀▄ ▀█▀▀▀ ▀ ▄▀  ▄ ▀▀▄███▀  █ █
█▄▀██▄▀▄ ▄█▄█████ ▀ ▄█▀▀█▀█  ▀▀▄▀▄█▀▀▄▀▄ ▀▄▀  ▀▀▄  ▄█ ▄▀▀ █
█ ▄▀██ ▄▄▄██▀█▄▀▄▀    █▀▄▀▄▄▀▄ ▄▄ █  █▄▄▄▄ █▀▀▄▄▀▄█ ▄▀▄ ▀ █
█▀ ▄ ▄ ▄▄ ▄█▀▀   ▀▀ ▀ █▀ ▀█ ▀ █▄█▀▀▀ ▄ ▀▀ ▀▀▀█▀ ▀█▄█  ▄▀▀ █
█ ▀ ▀▀▄▄▀▄▀ ▄█▄▀ ▄▀▄▀ █▀▄█▄▀███▄▄█ █ █▀█  █▀    █ █ █ ▀▀  █
███████▄▄ ▄█ ██▄▀▄ ▄▀▀█ ▀ ▀ ▄▄▄ █▄ ▄ ▄█▀█   ▀▄▀█  ▄▄▄ ▀▀█ █
█ ▄▄▄▄▄ ██▄▄▀   ▀ ▄█▀▀▄▄█▀▄ █▄█ ▄▀▀  █ ▀▀▄▄▀ █▄▄█ █▄█  ▀███
█ █   █ █ █▀██ ▀ █▀▄▄▄██▄▄▄▄▄ ▄▄▄ ▀    █▀▀▄▀▀▄▀ ▄▄▄ ▄▄███▄█
█ █▄▄▄█ █▀█▄█▄█▄ ▀ ▀▀    █▄▀▀  █▀   █ ▄█▄  █ █▄ ▀▄▄ █ ▀▀  █
█▄▄▄▄▄▄▄█▄█████▄▄▄▄▄█▄▄▄█████▄█▄█▄▄█▄▄█▄█▄▄███▄█▄██▄▄▄▄▄███

▄▄▄▄▄▄▄▄▄▄▄▄▄▄▄▄▄▄▄▄▄▄▄▄▄▄▄▄▄▄▄▄▄▄▄▄▄▄▄▄▄▄▄▄▄▄▄▄▄▄▄▄▄▄▄▄▄▄▄
█ ▄▄▄▄▄ █▄▀ ▄▄  ████ █▀ ▄  ▀█▀▄ █▄▀█▄▄▄██▀ ▄   ▄ ██ ▄▄▄▄▄ █
█ █   █ █ ██▄█▀█▄█ ▀█▄█▄ ▀ █ █▀▀ █▄  ▀▄▀▄█▄██▄▀▄ ██ █   █ █
█ █▄▄▄█ █▄▀█▄█ ▄▀▀   ▀▀  █▀ ▄▄▄  █ █ ▀  ▄▄▀█▀▄▄▀▄██ █▄▄▄█ █
█▄▄▄▄▄▄▄█▄█▄▀ █ █▄▀▄▀▄▀ ▀▄█ █▄█ ▀ ▀ █ █ ▀▄▀▄█ █ █ █▄▄▄▄▄▄▄█
█▄▄▄ █▀▄█ ▄  ▄█▀▄█▄▀ █▄▄▀ ▀   ▄  █ ▄▀█▀█ ▄▀ █▀██   ██▄▄ ▀ █
█▄ █▄▄ ▄▄█▄▄   ▀▀▀ ██ ▄▄██▄██▄▀ ▀ █▀▀▀ █ ██▄█▀█▀█  █▀▀ ▄▄▄█
█ ███ █▄██  ▀▄▄  ▄█▄  █▄█▄▄▀▄██▀▄█▀▄█    ███ ▀▀███ ▀▀██▄▀██
█ █ ▀█ ▄ ▄  █▄▄▀▀█▀█▄▀  ▀▄ ▄▀▄▀█▀█▄█▄ ▀ ▀██▀▄▄▀▄▀▄ ▄▄ ▄  ██
█▄  ▀▀ ▄▀▀ █▀▀  ▀▀▀▀█▄ ▀█▄▀▀▄▄ ▄  ▄▀▀▀▀▄▄█▀▄▄▄▄  ▄█▄█▀▄ ▄ █
█▄ ▀▀▀▄▄    ▀█▀▀█▀ █▀▀█▄▄█▀ █ ▀ █ █▄▀  ▄█ ▀█    ▀ ██▄▄█▄▄██
█ █ ▄▀▀▄█▀▄▄ █ ██ ▄████ ▀█ ▀  ▀ █▀█▄ █ ██ ▄▀██▀▄▄  █▄▄▄▄  █
██▀▄▀▄ ▄█   ▄█ ▄▀▄▀█ ▄▀▀  █▀  ▀█▀▄ ▄ ▀▀▄▄▄█ ▄█▄▄█ ▀▀ ▀▀██▄█
█▄▀▀ ▀ ▄▀▄ █▀▄▀▀ ▄█ █ ▀██▄████ █▄▄      █▀▄▄ ▀▀█▀█ ▀▀█ ▄  █
█ ▀▀█ ▄▄▄ ▀█▀▀▀▀  ▄▄▀▀█▄ ▀█ ▄▄▄ ▀▄▀ █▄ ▄ ▄ ▄▄▀███ ▄▄▄ ▀▀█▀█
████▀ █▄█         █▄█▄▀▀ ▄▀ █▄█ ▄ ▀ █▀▀▄▄█ █  ▀ ▀ █▄█ ▀ ▀▀█
█ ▄ █  ▄ ▄ ▀ ▀▀▄█▄▀██▄██ █▄▄▄ ▄ ██ ▀█ ▄▄█▀ ▀██ ▀▀ ▄ ▄▄▄█▄▀█
██ ▀██▄▄▀ ▀▄▀▀▄  █▄▀ ▄ ▄  █ ▄█▀▀▀▀ ▄ █ █ ▄ ▀██ █▀▀█ ▄█▄ ▄ █
█▄▄ ▀█▄▄  ██▄████▄ ▀ █ ▀▄  ▀▀  ██▀█▄▀ ▀▀█▄▄▀ ▄▄ ▀▀ ▄█ ▄█ ▄█
█▄▀ ▀▀▀▄▀  █▀ ████ ▄▀█▀█ ▄▄ ███ ▄▀ ██▄  ██▄▄▄█▀▄▀█▀▄ ▄▄█▄▄█
█▄█▀ ▀▄▄▄█▄  ██▀ ▄▀▀  █ ▄▀▄▄ ▄▄▀ █ █ ▀ █▄ ▀▀ ▀██▀██▀ █ ▀█▄█
█▀██▄▄█▄▄▄▀▀███▀▄ ██ █ ▀▀▄▀ ▀▀█▀█▄▄▀█▀█▄▀▀ ▄▄  ▀ █ ▀▄  ▄█ █
█▄▀ ███▄▀█▀▀▄▄ ▀▄ █▄█▀█ ▀███▀██ ▀▀███▀█▀▄█▀▀▄ ▄▀▄ ▄▀▄ ▄▄▄▀█
█  ▀▀█▄▄ ▀ █▀ ▄ ██▀▀▀▄ █  █▄▄▄████▄▄ █ █▄▄▀▀▀▀▄██▀▄ ▄█▄ ▀▄█
█ ▀ ▀▀▄▄ ▀     ▀▀▄ ▄█ █▄    ▄█▀▀ █ █▄ ██▀▄ ▀▄  ▀▀▀  █▄▀▄▄ █
███████▄▄ ▄▄█▀ █ █ ▄ ▀██▄█▄ ▄▄▄  █ █▄    █▄▄ ▀ ▄▀ ▄▄▄ ██▄██
█ ▄▄▄▄▄ ██▀ ▀▀ ▄▀▀▄▄ █▀   ▄ █▄█  ▀▄▄▄  ▄▄ █ ▄▀ ▀▀ █▄█   ███
█ █   █ █▀▄▀█ ▄▀▀██▀ ▄▄█ ▀ ▄ ▄  ▄▄  █▀▄█ ▀ ▄ ▄       ▄▀ ▀██
█ █▄▄▄█ █ ▀██ █▄  ██▄▀ ▀█▀▀ ▄██▀▄▀ ▀▀▄▀▄▄▀█▀██▄▀▄ ▀▀▀▀▄██▀█
█▄▄▄▄▄▄▄█▄███▄█▄█▄▄██▄█▄█▄███████▄██▄██▄▄▄▄▄████▄▄█▄█▄▄████

▄▄▄▄▄▄▄▄▄▄▄▄▄▄▄▄▄▄▄▄▄▄▄▄▄▄▄▄▄▄▄▄▄▄▄▄▄▄▄▄▄▄▄▄▄▄▄▄▄▄▄▄▄▄▄▄▄▄▄
█ ▄▄▄▄▄ █▀█    ███▀ ▄█▄▀   █▀▀ ▄█ ▀█ █ ██▄▄▄█▄▄▄ ██ ▄▄▄▄▄ █
█ █   █ █▀▄▄ ▄ █▄█  ██▄█  ▀█▀▄▀ ▄▄█▀▀▀█▀▀▄▄▄▀▄ ▄ ██ █   █ █
█ █▄▄▄█ █▀ █▀█▄█▄█▀█▄ ▄▄▀ █ ▄▄▄ ▄▄█▀▀▄▄▀▀█  █▄▀▀▄██ █▄▄▄█ █
█▄▄▄▄▄▄▄█▄█ █ █▄▀▄█ ▀ █ █ █ █▄█ ▀▄█ ▀▄█▄█▄█ █▄▀ ▀▄█▄▄▄▄▄▄▄█
█▄▄▄ ▄▀▄ ▄  ▄█▄▀█▄▄ ▀███▀▀▄   ▄ ▀█▀█▀▄ █▀█▀▀▄▀▄▄   █▄▀▄▀ ▀█
█▀▄▄▀▀▀▄▄█ █ █▄ ▄█▀ ▀▀▀ ▄  █ ▄ ██▀▄▀ ▄ ▄█▀ ▀▀ ▄█▀▄█▄█▄▀▀ ██
█▄█▀▄ ▀▄█ ▀▀█ ▄▄▄▄▀  ▄▀▄▀ █▄██▀█▄▀ █▀▄▀▄▄█▀  ██▄▄▀ ██▀█ ▀▀█
█ ▄▄█▄ ▄▀▄▀▀███▀ ▄▄██▀▀█▀█▀▄ █▀  █▀ ▄███  ▀ █ ▀███▀▄▄▀▄▀▀██
███  █▀▄█ █▀ ▄▄▀▄█ ▄▄▄██▄▀█ ▀   ▄▀▀█▀  ▄▀▀█ ▄▀▄▄▀▀▀█ █▄█▄▀█
█  ▄▀█ ▄ ▄▄ █▀▀██▄▄▀  ▀▄▀▀▀▄▀ ▄▄▀▄▀▄█▀▀ ▄▄▄▀  █▀█▄██ ▄▀ ▄▀█
█▄█ █▄▀▄▄▀██  ▀█▄▀▄▄▄█▄▀▀▄▀▀▀▀▀▀ █▄█ ▄▀█▀▀▄ ▄█ █▄▀▀▄██▄█▀ █
█ ██▄▄▀▄▀▀ ▄█   ▄   ▄█▄█▀█▀ █▄  █▄█ ▀███▀▀▄█▀▄▀ ▄█ ▄▀▀  ▀██
█ ▀█▄▀█▄ █▀  ▀ ▄▄▄▀▄█▄██▀ ██▀█▄▀▄ ▄ ▄▄ ▄▀▀   ███▀  ▄▄█▄  ▄█
█▀ ▀▄ ▄▄▄ █    ▀▀▀▄█ ▀▄█  ▀ ▄▄▄  ▄ ███▀▄▀█ ██▀ ▄  ▄▄▄ ▀ ▄▀█
█ ▀▄  █▄█ █▄▀██▀█▄▄▀▀█▄█▀▀▀ █▄█  ▀▄█▄▄ ▄▀▀▀▀▄▀▄█▄ █▄█ ▀▀█ █
█ ▀▄▀▄▄▄▄ ▄▀▄█▀ ▀▄█▀█ ▄█▄▀▄▄   ▄█▀▄ ▀ ▄█▀▀▄ █▀ ▄▀▄    ▀▀▄██
█  ▀▄▄▄▄▄▀ █▀ █ ██▀▄▀▄▀█ ▀▄ ▄█▀  ▀▀█ ▄ █▀▀ ▀▄██▄▀ ▄ ███ █▄█
█ ▄ ▀▀█▄ ▀ ▀█ ▀▄█▀▀▄█████ ▄ ▀█▀ █   ███ ▀█▄▄▄█▀▄▀▄▄█▄ █  ▀█
█▀█▄█▀█▄▀▄▄██▄█▀▀█▄ ▀▀██▄ ▄▄▀██▀ █▄█ ▄ ▄▀▀  ▄██▄█▀▀ ▄▄ ▀▄▀█
██▄▀▀ ▄▄███▀█▀█▄▀█▀ ▀ ▄▀▄ █▄▀█▄▄▀▄▀▄▀▀▀█▄ ▀ ▀ ▄▄▀▄▄▀▀▄  ▄▄█
█▄▀▄▀▄█▄ ██▀▀   ▀▄▄ ▄▄██ ▀█▀▄█▄▄▀█▀█▄▄▀█▄█▀▀ ▀██▀  ▀▀▄█▀▀▀█
█ ▀▄▀██▄▀▀▄▄▄▀    ▀ ██▀ █▀▀▀██▀▄▀█▀▀▀██▀ ██▀▄▄▄█▄▄ ▀    ▄██
█▀▀▀██▄▄██ █▀▀ █▄▄▀  ▄▀▄ ▀▄████▄▄███ ▄▀▄███  ▀██▀█ ▀▀▄▀▀ ▄█
█ ▀ ▀▀▄▄▀▄█▄▀█▄ ▄  ▄▀▀▄▄▀██ ▀▀ ▄▄▄▄ ██▄█▄  ▀▄▀▀▄▄██▀ █ ▀ ▀█
███████▄▄▀ ▄▀█ ▀▄▄   ▄ ▀▄▀▄ ▄▄▄  ▀▄█▄ ▀▄ ▀   ▀██▀ ▄▄▄    ▀█
█ ▄▄▄▄▄ █▄ ▀▀ ▀▄ ▀▄█   ▀▄ █ █▄█ ▀███▄█▀█▀▀█     █ █▄█  ▀ ██
█ █   █ █ ▀█    ▄▀▄▄▄█▀▀▀▄▄▄▄▄ ▄▄▀█▄▀▄ ▄▀█▀▀▄██▄▀▄▄  ▄ ████
█ █▄▄▄█ █  ▄█▄█ ▄ ▀▀▄█▄▀▀█▀▄▀█▀██▄▄▀█ ▀   ▀█▄▀ ▀ ▄▀██▀ ▀███
█▄▄▄▄▄▄▄█▄██▄▄▄▄▄█▄▄▄▄▄███▄██▄█▄▄▄▄▄▄▄▄▄██▄█▄█▄▄▄█▄▄▄█▄▄▄██

▄▄▄▄▄▄▄▄▄▄▄▄▄▄▄▄▄▄▄▄▄▄▄▄▄▄▄▄▄▄▄▄▄▄▄▄▄▄▄▄▄▄▄▄▄▄▄▄▄▄▄▄▄▄▄▄▄▄▄
█ ▄▄▄▄▄ █     ▄▀ █▀▀█▄  ▄▄█ ▄▀ ▄ █▄▀▀▄▀ █ ▀▄ ▄▀▄ ██ ▄▄▄▄▄ █
█ █   █ █ ▄▀██ ██▀██▄█▄ ▄▄▀█▀▀▄█▀▄█▄▀▄█▀▄ ▀▀▀▄ ▄ ██ █   █ █
█ █▄▄▄█ █▀██  ▀ ▀█▀█▀█▀▄▀   ▄▄▄ ██ ▀▀▄▀▄ █  ██▄▀▄██ █▄▄▄█ █
█▄▄▄▄▄▄▄█▄▀ █ █▄▀ ▀▄▀ █▄▀▄█ █▄█ ▀▄█▄█ █▄█ ▀▄█▄▀▄█ █▄▄▄▄▄▄▄█
█▄ ▀█▄ ▄██▄█▄█▀▄ ▄▄ ▄  █▀▀█ ▄ ▄ ▄ ▄█▀▄█ ▄█▀▀▀▄▀▄▄▀█▀▄█▄ ▄▄█
█▄▄▄▀██▄█▄▄  ▄▄ ▄ ▄█▀▀▀█▀█ ▄ ▀█ █▀  █▀▄▄█▄▀▄▀  ▄▀█▄█▀▄▄▄ ██
█▄ ▄█ ▀▄█▄▀██ ▀▀▀▄▀ █▀▄▄▀ ▀  ▀▀█▀▄▀█▀▄ ▀▀█  █ ▀▄▀▀█ ▄██▄▄▄█
█  ▄▀▀█▄ ▄▀▄  █▀ ▀  █▀▄▀▄ ▀▄ ▀▄▀ █▀▄▀ ▄▄▄▀▄█▀▄█▀▀ ▀▄█▄██▀██
█▀█▄ █▀▄ █ ▀ ▄▀▄▀▄▄▄▀▀▄█ ▀ █▄  ▀▀▄▄▄▄▄█  █▀ ▀▄▀▄▀▀▄ ███▄█ █
███ ▄ ▀▄ ▄▄█ ▄▀█ ▄▀▄  ▀▀▀▀▀▄▀█▀▀█ ▀▀▀█▀  █▀█▄ ▄█ ▀▀▀ ▀▄█▄▀█
█▀ █ ██▄▀▄ ███▄ ▀▀▄▄▀ ▀▀▀▄▄▄▄▀▀▀█▄▀█▄▄▄  █▄ █ ██▄▀   █▄█▄▄█
████▄▀ ▄█▀  █▀ ▀▄███▄█▄ ▄ ▀ █▀███▄███▀██▀█▀ ▀█▀█▀ █▄▀▄██▀██
█ ▄ ▀ █▄██▀▄█▀▄▀▀▄▀▄ ▀ █▀   ▄█▄▀▀█▀ ▄▄█▀▄▀  █  █▄▀▄ ▄█▄ █▀█
█▄ ▀▄ ▄▄▄ ▄▄▀ ▀▄▀▄▀  ▀▄ ██  ▄▄▄  ▄ ▄  █▄▀ ▀ █▀ ▀▀ ▄▄▄ ▄█▄▀█
█ ▄█▄ █▄█ ▀ ▀██▀ ▄▄▀▄ ▀█▀▀  █▄█ █▄▀█▄▄█ ▄▀  ▀▄▄█▀ █▄█ ▄▄ ██
█▀█ █▄ ▄ ▄▄▄▀ ▀ ▀▀███  ▄▀▄▄  ▄▄ █▀█▄▄█▄ █▄ ▄███▀▄ ▄▄▄ ▀█▄██
█ ▀▄█▄▄▄▀▄██▀  █▄▄▄▄▄ ▄█▀ ▀█▀█▀ █▄▄█  ▄ ▀█▀ ▀▄ █▀ ▀█▀█▄▀▄▀█
█  ▄ ▄ ▄ ▄ ▄ █▀▄█▀▄▀▄██ █ ▄ ▄▀▄██  █▄▄▄ ▀█▀ ▀▀  ▄▀▄█▀▀ █ ▀█
███▀ ▀█▄▄▀▀█▀▀ ▄▄█▄ ▄▄ █▄ ▀▀▄█▄ ▀▄▀█ ▄█▀▄▀  ▄  ▄█▀▄█▀▄ ▀ ██
█ ▄▀▀█▀▄██▄▄ █▄█▀ ▄█▀ ▄▄▀██▄▀ ██▀█▀▀█▄▀██▄▄█▀ ▄▀▄▀▄▀▀▀██▄▄█
█▄▄▀▄▀█▄█ █ █▀█ ▄▄▄ ▀▀ █ ▀ ▄▀█▄▄▄ ▄█▄▄▄ ▀█▀▀█▄ █▀ ▄█▄▄██▄▄█
██▀▄▀█▀▄▀▀█ █ █▄ █▄███▀█ ▄█▀█ ▄▀▀█▀▄▄ █▀  ▄ ▄▄ ▄█▄▄▀ ███▄██
█▀▄▀▄▄▀▄█▀▀▄▀▀ ▀▀▄▀ █▀▄▄ ▀▀  ██▄▀ ▀▄ ▄█  █▀ █▄▀█▀▄▀▄▀██▄█▀█
█ ▀ ▀▀▄▄ ▄█▀▄ ▄ ▄██▄▀▀▀▀▄ ▄▀▀▄█▀▄▄▄█▄▄ ▄ █▀▀▄▀█  ▀ ▀▀ ▄█ ▀█
███████▄█ █▄▀██▄ █▄ ▄▀ █▀▀▀ ▄▄▄ █▄▀█▄▄▄ ▄▀  █▄▀▄█ ▄▄▄ ▀ ▀▄█
█ ▄▄▄▄▄ █▀ ▄▄█▀▄ ▀▀  █ ▄█▄█ █▄█ ▀▀█   ▀█ ▄▀███ ▄█ █▄█ █▄███
█ █   █ █▄▄██▀██▀▀▄▄▀ ▄▀▀▄▀    ▄ ▄ ▄█ █▀ █▀▀█▄ ▄ ▄ ▄   █ ▀█
█ █▄▄▄█ █▀▀▄▄ ██▄█▄▄▄█▄▄▄ ▀▄▀▄▄ ▄▄▄▄ █▀ ▀▄▄ █▀ ▄█▀▀██▄█▄███
█▄▄▄▄▄▄▄█▄████▄▄██▄▄███████▄█▄█▄███▄▄▄██▄█▄██▄█▄▄████▄▄▄█▄█

▄▄▄▄▄▄▄▄▄▄▄▄▄▄▄▄▄▄▄▄▄▄▄▄▄▄▄▄▄▄▄▄▄▄▄▄▄▄▄▄▄▄▄▄▄▄▄▄▄▄▄▄▄▄▄▄▄▄▄
█ ▄▄▄▄▄ █▀█    ▄▄▀ ▀▀██ ▄▄ █▀▀ ▄█ █▀▀ ▄▀▄█▄ ▄▀▄▄ ██ ▄▄▄▄▄ █
█ █   █ █▀▄▄ ▄ █▄▄  ▄█▄█  ▀█▀▄▀  ▄█▀  █▀▄▄▄▄▄▄ ▄ ██ █   █ █
█ █▄▄▄█ █▀▄█▀█▄█▄█▀█▄ ▄▄▀ █ ▄▄▄ ▀ █▀ ▀▄▀▀▄    ▀▀▄██ █▄▄▄█ █
█▄▄▄▄▄▄▄█▄▀▄▀▄█▄▀▄█ ▀ █ █ █ █▄█ ▀▄█ ▀▄█▄█▄█ █▄▀ ▀▄█▄▄▄▄▄▄▄█
█▄▄▄  █▄▄ ▄▄▀█▄▀█▄▄ ▀███▀▀ ▄  ▄ ▀█▀█▀▄ █▀█▀▀▄▀▄▄▀▀ █ █▄▀ ▀█
█▀▄▄▀▀▀▄▄▄▀██▄▄ ▄█▀ ▀▀▀ ▄ ▀█ ▄ ██▀▄█ ▄  █▀ ▀▀ ▄██▀█▄██▀▀ ██
█▄█▀  ▀▄▄▄▀▀█ ▄▄▄▄▀  ▄▀▄▀ ██▀█▀█▄▀█▄▀▄▀▄▄█▀  █▄▄▄▀ █▀██▄▀▀█
█▀▀█▀▄ ▄▀█▀▀███▀ ▄ ▄█▀▀█▀█▀▄▀▄▀  █▄▄ ▀▀▄  ▄▄█ ███ ▀▄█▀█▀▀██
█▀▀▀██▀▄█ █▀ ▄▄▀▄█▄▄▄▄▀█  █ ▀ ▀▀▄▀▀▄ ▄▄██▀ ▀ ▀▄█▀▀▀█ ███ ██
█▀▄ ▄█▄▄ ▄▄ █▀▀█▄▀▄▀▀▀▀▄▄▄▀▄▀ ▄██ ▀▄▀▀  █ ▄ ███▀█▄██ ▄▀  ▀█
███ █ ▄▄▄▀██▀▄▀█▄▀▄▄▄█▄▀▀▄▀▀▀▀▀▀ █▄█ ▄▀█▀▀▄ ▄▀ █▄▀████▄█▀ █
█ ██▄▄ ▄██  ▀ ▄▀▄   ▄█▄█▀█▀ █▄  ▄██  ███  ▄█ █▀ ▄█▄ █▀  ▀██
█ ▀█▄▄▀▄▀▄ █ █ ▄▄▄▀▄█▄██▀ ▀█▀█▄▀▄ ▄ ▄▄ ▄▀▀   ███ ▀ ▄▄▀▄  ▄█
█▀ ▀▄ ▄▄▄ ▀▄▀▄▄█▀▀▄█ ▀▄█  ▀ ▄▄▄  ▄▄▀██▀ ▀█▄██▀▄▄█ ▄▄▄ ▀ ▄▀█
█ ▀▄▀ █▄█  █▀████▄▄▀▀█▄█▀▀▀ █▄█  ▀▄█▄▄ █▀▀▀▀▄▀██▄ █▄█ █▄█ █
███▀█▄▄▄ ▄▄▀▄█▀ ▀▄▄ █ ▀▄▄▀█    ▄█▀█▀█ ▄▄▀▀█ █▀▀▄▄▄▄ ▄  ▀▄██
███▄▄▄▄▄▀▄ █▀ █ ▄█▄▄▀█▄▀▀ ▄ ▄▄▀  ▀▀█▄▄▀█ █  ▄▀████▄ ▄██ █ █
█▄▀█▀▀█▄▀▄ ▀█ ▀▄▀ ▀▄█▀██▄▄▄ ▀▀▀ ▀   ███▀▄█▄█ ▀▀█▀▄▄█ ▄█ ▀▀█
█ █▄█▀█▄▀▄▄█ ▄█▀▀█▄ ▀▀██▄ ▄▄▀██▀██▄██  ▄██  ███▄█▀▀ ▄▄ ▀▄▀█
██▄▀▀ ▄▄██ ██ █▄▀█▀ ▀ ▄▀▄ █▄▀█ ▄▀▄▀▄  ▀█▄ ▀ ▀ ▄▄▀▄▄▀▀▄  ▄▄█
█▄▀▄▀█ ▄ █▄▄ ▀▀█▀▄▄ ▄▄██ ▀█▀▄█▄▄▀█▀█▄▄▀█▄█▀▀ ▀██▀ ▄▀▀▄█▀▀▀█
█ ▀▄▀▄▄▄▀▀  ▄▀▀▄  ▀ ██▀ █▀▀▀██▀▄▀█▀█▀█▀█ ███▄▄ █▄█▄▀    ▄██
█▀▀▄▀█ ▄▄ ▀▀▀▀▄▀▄▄▀  ▄▀▄ ▀█▀███▄▄█ ▄ ▄▀▄██▀▀ ▀████▄█▄██▄ ▄█
█ ▀ ▀▀▄▄███▄▀█▄ ▄ ██▀▀▄▄▀█▄ ▀▀ ▄▄▄█ █▀  ▄ ▀▀▄▀ ▀ ▀▄▀▄▄ ▀ ▀█
███████▄▄  ▄▀█ ▀▄▄▄▄▀▄▀█  ▄ ▄▄▄  ▀▄█  ▀▄▄▀   ▀▄██ ▄▄▄ ▀ ▄▀█
█ ▄▄▄▄▄ █▄ ▀▀ ▀▄█▀▄█▀▄ ▀█▀█ █▄█ █▀██▀█▀█▀▀█ ▀▀    █▄█  ▀ ██
█ █   █ █ ▀█    ▄▀▄▄▄█▀▀▀▄▄▄ ▄ ▄ ▀█▄▄▄ ▄█▀▀▀▄▀█▄▀▄▄  ▄ █▄██
█ █▄▄▄█ █ █  █▀█▄ ▀▀▄█▄▀▀█▀▄▀█▀███▄▀█▀▀ ▀▀▀█▄▀ ▀ ▄▀█▀▀ ▀███
█▄▄▄▄▄▄▄█▄▄███▄█▄█▄▄▄▄▄███▄████▄▄▄▄▄▄▄▄▄██▄█▄█▄▄▄█▄▄▄█▄▄▄██

{"level":30,"time":1781023236636,"pid":13564,"hostname":"DESKTOP-S43JR5G","trace":"Error: QR refs attempts ended\n    at Timeout.genPairQR [as _onTimeout] (C:\\Users\\facun\\Documents\\Usagi\\LaExtra\\python\\whatsapp-service\\node_modules\\@whiskeysockets\\baileys\\lib\\Socket\\socket.js:480:21)\n    at listOnTimeout (node:internal/timers:605:17)\n    at process.processTimers (node:internal/timers:541:7)","msg":"connection errored"}
Connection status: close
Last disconnect error details: Error: QR refs attempts ended
    at Timeout.genPairQR [as _onTimeout] (C:\Users\facun\Documents\Usagi\LaExtra\python\whatsapp-service\node_modules\@whiskeysockets\baileys\lib\Socket\socket.js:480:21)
    at listOnTimeout (node:internal/timers:605:17)
    at process.processTimers (node:internal/timers:541:7) {
  data: null,
  isBoom: true,
  isServer: false,
  output: {
    statusCode: 408,
    payload: {
      statusCode: 408,
      error: 'Request Time-out',
      message: 'QR refs attempts ended'
    },
    headers: {}
  }
}
Connection closed. Logged out: false, Status Code: 408
Reconnecting / Restarting WhatsApp socket connection in 5 seconds...
Fetched latest WhatsApp version: 2.3000.1035194821
Connection status: connecting
{"level":30,"time":1781023241963,"pid":13564,"hostname":"DESKTOP-S43JR5G","browser":["Windows","Chrome","120.0.0.0"],"helloMsg":{"clientHello":{"ephemeral":"R929uEaGnH4wOj5hQXUsZsr/lLzI71fDU0Nl5Q4uoVM="}},"msg":"connected to WA"}
{"level":30,"time":1781023242153,"pid":13564,"hostname":"DESKTOP-S43JR5G","node":{"passive":false,"userAgent":{"platform":"WEB","appVersion":{"primary":2,"secondary":3000,"tertiary":1035194821},"osVersion":"0.1","device":"Desktop","osBuildNumber":"0.1","releaseChannel":"RELEASE","localeLanguageIso6391":"en","localeCountryIso31661Alpha2":"US"},"webInfo":{"webSubPlatform":"WEB_BROWSER"},"connectType":"WIFI_UNKNOWN","connectReason":"USER_ACTIVATED","devicePairingData":{"eRegid":"AAAA2A==","eKeytype":"BQ==","eIdent":"TFH48FUXJ8wnPNb2s/vjO/fRJR2z0w3WSZ8GQKF41U0=","eSkeyId":"AAAB","eSkeyVal":"Y0bIwJw3SfhorCRwvkvZoE9iJqJ1TYnt94UpljrzgE4=","eSkeySig":"QYnlnwHKDeTyYxm/68o2PROE0PAUyFq5xlHXoxmZ2cHuhn9KClrYelfkg2C1Y3QUgoho//Wr4LiTUDwRd2g+ig==","buildHash":"oslHHv+RCp4a5lmJCiiHLQ==","deviceProps":"CgdXaW5kb3dzGAEgAA=="}},"msg":"not logged in, attempting registration..."}
▄▄▄▄▄▄▄▄▄▄▄▄▄▄▄▄▄▄▄▄▄▄▄▄▄▄▄▄▄▄▄▄▄▄▄▄▄▄▄▄▄▄▄▄▄▄▄▄▄▄▄▄▄▄▄▄▄▄▄
█ ▄▄▄▄▄ █▄▄   ▀▀█▀▄█▀███▄▄ ▀▀▄  ▀▄██▄▀ █ █  ██ ▄ ██ ▄▄▄▄▄ █
█ █   █ █  ▀▀▄ ▄██ ▀▄██▄ ▀ █ ████▄▀▀▀ ▄█ █▄█▀█▀▄ ██ █   █ █
█ █▄▄▄█ █▄▄ ▄ ▀▀▀▀ ▄ ▀▀  █▀ ▄▄▄ ▀ ▄▀██ ▄█ ▀██▄▄▀▄██ █▄▄▄█ █
█▄▄▄▄▄▄▄█▄▀▄▀▄▀ █▄█ ▀▄█ ▀▄█ █▄█ ▀ ▀ █ ▀▄█▄█▄▀ ▀ █ █▄▄▄▄▄▄▄█
█   ▄▀▀▄█▄▀▀▄█ ▀▄▄ ▀█▄█ ▀▀█▄ ▄   █ ▄█▀▀▄▄ ▄ ▀▀ █▀▀ █▀▄▄ ▀▄█
█▄█ ▄▄ ▄▄▄▀▄█  ▀▄▄ ██ ▄▄█ ▄█▀▀▀ █ ▀█▄▀▀▄ ▀█ ▀▄     ▀█▄ ▄  █
██▀█ █▄▄▄▀ ▀▀█▄ █▄█▄▄ █▄▄▄▀ ▀▀█▀██▀█    █▀█▄▄▀▄███▀ ▀█▀ ▀██
██▄▀█ █▄▀▄▀ ▀▄▄▀ ▄▀▀▀█▄▄▀  █▀▄▀▀▄█ █▄█▄█▄▀▀▀▄▄▀▀▀ ▄▄▀▄▀▀ ▀█
█ ▄ ▄▀▀▄▄▀▀█▀▀  ▀ █▀█▄ █ █▀█▄▄ ▄  ▄▀▄▀███▀▀█ ▄ ▀ ▄▄█▄█▄▀▄ █
█▀▀ ██▄▄▄▀ █▀█▀▀▄█▀  ▀▀ ▀   ▀▄█▄▄ ▀ ▄  █▄ █▄▀▄  ██▄ █▀█▄█▀█
█▄  █▄▀▄▄▄▀█▄▀ ██ ▀███▄ ▀█▀▀▄ ▀▀▀█ █ ▀ ▄▄▄ ▀█▀█▄▄ ▀▄ ▄▀▀  █
█ ▀█  ▄▄▀▀▀ ▄▀█▀▀▄ ▄ ▄▄▀  █▀▀▀▄ ▀▄▀▄▀ █▀▀███▀  ▀█▄▀██▄ ▄█▄█
█▄  █▀▄▄▄▀▀▄▀▄▀  ▄█ █  ▀█▄█▀██▀█▄▄  ▀▄ ▀ █▄█▄█▀███  █▀▀▄▄ █
█▄███ ▄▄▄ ▄  ▀ ▄▀▄▄▄▀▀█▄▄▀█ ▄▄▄ ▀▄▀ ▀▄▀▀▀ █▄▀▀    ▄▄▄ ▀▀▀▀█
█ ▀▄  █▄█ █▀█ ▀▀▀ █▄██▀▀▀▄█ █▄█   ▀ ▀▀██ █▀█▀▄    █▄█ ▄▀  █
████▄  ▄▄▄ █▀▄ ▀█▀▄ █▄▀▀▀█▄ ▄ ▄ █▄ ▀▄▀  ▀███▄▀▀▄▄ ▄▄▄  █▄██
█  █▀▀ ▄ ▄▀██▄▄█▄█▄▀▀█ ▄▀ █▄█▄▀▀█▀ ▄▀█▀▄▄▄▄ ▀▀▄▄▀██▄ █▄▄███
█▀█▄██ ▄██▀█▀  ▄▀▀▄▀▀██▀ ▄█▀▀▄ █▀▄▀▄█▄▀█▀ █ █ ▀▀▄▀▄ ▄█ █ ▄█
█▀ ▀ █▀▄  ▄▀▀  ████ ▀██▀ ▄▄▀██ █▄▀▀▄▄▄█ █▀█▄▀█ █▀  ▀▀█▀▀▄██
█ ▀ █▄█▄▀ █▀█  ▀ ▄▀   █▄▄▀█▀ ▄▀█ ▄▀█ ▀▀▄▀ ███▀█▄▀▄▀▀  █▀█▄█
█▀▀▀█▀█▄  ███ █▄▄ ▀█ █ ▀▀█▀ ▄  ██▄▄▀▀█▀█▄█ ▄▄▄▄▀▄▄█  ▀▀▄▀▄█
█▀█▀▄██▄▄ ▄▀▀▄▄▀█ █▄█▀█ ▄█▀█▀▄  █▀▀▀▀ ▄  ▀▄█▀██▄▄ ▄▀████▄██
█ ▄▄▀▄▀▄█▄▀█▄▄ ▄██▀▀▀█ █  ▄██▄█▀█▀▄▄▀█▀█ ▄▀ ▄█▄▄▀ ▄ ██▀  ▀█
█ ▀ ▀▀▄▄▀▀▄ ▀ ▄██▀█  █ ▄█▄▀█▀█▀▀█▄▀▄▄▀ ▄▀▄█▄█▀██▀▄  █▀▀▄  █
███████▄█  ▀█▄▄▀▀▄▄▄▀▀▀██▄▀ ▄▄▄  ▀ █    █▀▄█▄█ █▀ ▄▄▄ ▄█ ██
█ ▄▄▄▄▄ ██ ▀ ▄▄ ▀▀▀█▄▄█ ▀██ █▄█ ▀█▄▄███▄  ██ ▀▄▄█ █▄█ ▄▀▀██
█ █   █ █▀█▄▄█▀ ▀█ ▀ ▄ ▀ ▀ ▄▄▄    ▀ ▀▀██▄█▄▄▀▄▀ █    ▄▀▄▀▄█
█ █▄▄▄█ █ ▀█▀▄ ▄    ▄▀▀██▀█ ▀██▀█▀▀▀ ▄▄ ▄█ ▀▄▀ █  ▀▀▀█▄██▀█
█▄▄▄▄▄▄▄█▄▄▄▄▄▄██▄▄██▄█▄█████▄███▄██▄███▄▄█▄███▄█▄▄▄▄▄█████

▄▄▄▄▄▄▄▄▄▄▄▄▄▄▄▄▄▄▄▄▄▄▄▄▄▄▄▄▄▄▄▄▄▄▄▄▄▄▄▄▄▄▄▄▄▄▄▄▄▄▄▄▄▄▄▄▄▄▄
█ ▄▄▄▄▄ █▀▀█   █▀▄██▄▄▀▀▀  ▄▄▀  ▀▀▄▄▀▀▀    ▄███▄ ██ ▄▄▄▄▄ █
█ █   █ █▄ ▀ ██▄▄▄█▄▀▄█▄█▄██ █  █▄▀▀▄█▀██▄▀  ▄▀▄ ██ █   █ █
█ █▄▄▄█ █ ▄ ▄▄ ███▀█▀██▄▀▄  ▄▄▄ ▀▀ █▀▀▀ █▄ ▄▀▀ ▀▄██ █▄▄▄█ █
█▄▄▄▄▄▄▄█ █ ▀▄▀▄▀ █ ▀ ▀▄▀▄█ █▄█ ▀▄█▄█ ▀ ▀ █▄▀▄█▄█ █▄▄▄▄▄▄▄█
█▄▄▀▄██▄ ▀ ▄ ▀█▀▄▄█▄ ▄█ ▄▄▄▄ ▄▄▄██ ▄ ▄▄▄▄ ▀█▄▀ █▄▄▀▄  ▀▄▄██
██▄▄   ▄   ▀▄ ▀█  ▀▄▄▄  ▄▀▄ ▀█ ▀▄▄▀██ ▄ ▄█ █    ▄▄▀██▀▀█▀▄█
██▀▄█ ▄▄▀▄█ ▀█▄█ ▀█▄▄█ ▀▄▄▀█ ▄█▀█ █▀   █ ▄█▄▄▄█ ▄█▀█▀ █ ▀ █
█ █▄   ▄█▄▀ ▄▀▀▀ ▄ █▄██▀▄███▀▄▄ ▀█▀▄█ ▀  █ ██    █▀▄ ▄███▀█
██  ▀█ ▄███▀  ▀▄██ ▄▀▀▄▀▀█ ▀  ▄█▀▄ ▄▄ ▄ ▄█ ██ ▄▄▀██▀ ▀█▀▀▄█
██ ▄   ▄▄▄█ ▀█▀▄▀ ▀ ▄█▄██▄ █▄▀▄█ ▀▄█  ▀▀▀██▄  ████▄█ ▄█▄ ▄█
█▀█ ██▄▄▀▄▀█▀▀███ ▄  █▄ ▄ ▄▀▄ ▄▄ █ ██ █▄▄ █▄▀▀█▄▀█▄█ ▄▄▄█▀█
█▀ ▀▄  ▄▄█ ▄▀ ▄██ ▀█▀  █▀▀▄████▀▀ █  ▀▄██ ▄▄ ▄▄█▄█▄▀█▄▀█▄ █
█▄ █ ▄ ▄▀█▄▄▀▄ ██▀█ ███▄█▄█▄  ▀█▄▀██▀▄ ▄█ ▄█▄ ▄  █▀█▄ ▀▄▄██
█▀ ██ ▄▄▄  ▄█ █▄▀▄▀▀▄▀█▄▀▄▄ ▄▄▄ ▄▄▀▄▄▀ ▀▀ ▄▀▄▀ ▄  ▄▄▄ ▄▄▄▀█
█▀ █▄ █▄█ ▀▀▄▀▄▀█▄▄█▄▀██ █▄ █▄█ ▀▄█▄  █ ▄▀ ▄  ██▀ █▄█  █▀▄█
█▄▄█▀▄ ▄▄▄█ ▀▄ ▄ ▄▀██▀  ▀█▄  ▄▄ █▀██ ▀▀▀  ▄▀ ▄▀█▄▄ ▄▄ ▄█▄ █
██ ▀▄▀█▄ █▀█ ▀▀█▄▄█ ▄█ ▄▄▄ ▄ █▄▄ ▀ ▄▀  ▄▄▄██▄█ ▄▄▀ ▄ █  ▄▀█
█▄▀█ ▀▀▄█▄█▀ ▀▀ ▀▄█  ▄▀█▄▀▄█ ▀▀▄▄▄█ █▀▀▀ ▀▄  ▄▄▄▄ █▄ ▀▀▄  █
█▄█▄█ ▀▄ █▀▄      █ ▀  ▄ ▄▄▄  █ ▀▄▄▀▀ ██▄▄█▄ ▄█ ▀  ▄▄ ▀▀▄ █
██▄ █▄ ▄▄ ▀█▀ ▄  ▄▄██ █▄▀▄ ▀ ▄▀ ▄▄▀██▄▄▄▀▀    █▄▄▀▄▀   ▄ ▄█
█  █▀█ ▄▀▄▄ ▀▀██ ▄ ▄▀▀▄█ ▄ ▄ ▄▀▄▄  █ ▄ ▀ ▀▀██  ███▄█▄█▄▀  █
█▀█▄▀▀ ▄▄█▄▄▀▄▀  ██▄█▄ █▄██ ▄▀  █▄▄▄▀  ██▄ █▀  █ ▀▄   ▄▄▄ █
██▀▄▄ ▀▄▀▀█▀▀▀████▄▄▄█ ███ ██▄ ▄ ▀▀█▄  ▄ ▄▄▄▀███▄▀▀▄▄▄▄▀█▀█
█ ▀ ▀▀▄▄▀█ ▄ ▀█▀▀█▀ ▀▀▄▀▄█▀▄█▀  ▄ ▄ █▄▀█▀▄▀▄ █▀▄▀ ▀▄▀▄▀█▀▄█
███████▄█ █▄█▄▄▄█▀ ▄▀██▄▀█▀ ▄▄▄  ▄█ ▄ ▀▄ ▄██ ▄▄ █ ▄▄▄ ██  █
█ ▄▄▄▄▄ █▄ ▀█▀▀ ▄█▄ █▄█ ▄█  █▄█  █▄▄█ ▀▄ ▀ ▀▀▄▄██ █▄█ ▀▄█▀█
█ █   █ █▀▀ ▀▄ ▄█▀▀ ▀ ▄█▀ ▀  ▄  █ █▄▀▄▄▀▄▀███ █▄█  ▄▄  █▀ █
█ █▄▄▄█ █▀▄█ ▄▄███  ▄▄▄ █▀██ ▄█▀██▄▄ ▄▄█▀  ▀▄▄█   ▀▄█▄▄██▄█
█▄▄▄▄▄▄▄█▄▄█▄▄█▄█▄█▄▄▄█▄▄▄▄█▄▄▄▄▄▄███▄▄█▄▄▄█▄██▄▄██▄█▄▄▄▄██

▄▄▄▄▄▄▄▄▄▄▄▄▄▄▄▄▄▄▄▄▄▄▄▄▄▄▄▄▄▄▄▄▄▄▄▄▄▄▄▄▄▄▄▄▄▄▄▄▄▄▄▄▄▄▄▄▄▄▄
█ ▄▄▄▄▄ █▄▄   ▀▀▀▀█▄ ▀█▄█▄ ▀▀▄  ▀▄▀█▀ ▀███  ▄▀ ▄ ██ ▄▄▄▄▄ █
█ █   █ █  ▀▀▄ ▄▄▄ ▀███▄   █ ███ █▀▀  ▄█▄█▄█▀▄▀▄ ██ █   █ █
█ █▄▄▄█ █▄▄ ▄ ▀▀▀▀ ▄ ▀▀  █▀ ▄▄▄ ▄▄▄▀██ ▄█▄▀█▄▀▄▀▄██ █▄▄▄█ █
█▄▄▄▄▄▄▄█▄█▄▀▄▀ █▄█ ▀▄█ ▀▄█ █▄█ ▀ ▀ █ ▀▄█▄█▄▀ ▀ █ █▄▄▄▄▄▄▄█
█   ▄██▄█  ▀█▄ ▀▄▄ ▀█▄█ ▀▀▀  ▄   █ ▄█▀▀▄▄ ▄ ▀▀ █▀▀ █▀ ▄ ▀▄█
█▄█ ▄█ ▄▄█ ▀▀█ ▀▄▄ ██ ▄▄█ ▄██▀▀ █ ██▄▀▀▄ ▀█ ▀▄   █▀▀█▀ ▄  █
██▀█ █▄▄█▄▀▀▀█▄ █▄█▄▄ █▄▄▄▀ ▀▀█▀██ ▄   ▀█▀▀█▄▀▀▄ █▀ ▀█▀ ▀██
█▀█   █▄ ▄▀ ▀▄▄▀ ▄▀▄▀█▀█▀  █ ▄▀█▄█▀█▄▀█ ▄█▄   █▀█▀▄▄▀▄█▀ ▀█
█▄▀ █▀▀▄▄▀▀█▀▀  ▀▀▀█ █▄▀ █▀█▄▄▀█  ▄▀█▀█▄ █▀█▀▄ ▀ ▄▄█▄█▄ ▄ █
██ ▀ █▄▄▄▀ █▀█▀▀▄▀▀ ▀ ▀ ▀▀  ▀▄▄█ ▄▀ ▀  ▄▀ ██▄█▀ ██▄ █▀█▄▄██
█▄█ █▀▄▄▄▄▀█ █ ██ ▀███▄ ▀█▀▀▄ ▀▀▀▀ █▄▀ ▄   ▀▄▀█▄▄ ▀█ ▄▀▀ ▀█
█ ▀█ ▀▀▄█▀ █▄▀█ ▀▄ ▄ ▄▄▀  █▀▀▀▄ ▀▄▀▄▀▀█▀▀███   ▀█▄▀█▀▄ ▄█▄█
█▄  █ ▀▄ ▀▄▀▀█▀█ ▄█ █  ▀█▄▀▀██▀█▄▄  ▀▄ ▀ █▄█▄█▀██▄▀ ██▀▄▄ █
█▄███ ▄▄▄ █▄▄▄▄▄▀▄▄▄▀▀█▄▄▀  ▄▄▄ ▀▄▀▄▀▄█▀▀ ▀ ▀▀▄▄█ ▄▄▄ ▀▀▀▀█
█ ▀█▄ █▄█ ▀▀█   ▀ █▄██▀▀▀▄█ █▄█    ▀▀▀█▄ █ ▄▀▄▀ █ █▄█  ▀  █
█▄▄ ▄▄▄▄▄  █▀▄ ▀█▀█ █▄▄ ▀█▄ ▄ ▄ █▄   █▄ ██  ▄█▄▄▄▄▄▄ ▄▄█▄██
█ ▀ ▄▀ ▄ █▀██▄▄██▄▄█▀▄▄▄ ▀█▄ █▀▀█▀ ▄▄█ █  ▀ ████▀▀█▄█▄▄▄█▀█
█▀▄█▄█ ▄▄▀▀█▀  ▄▀ ▄▀  █▀▀██▀█▄ ██▄▀▄▀▀▀▄▀▄█▀█▀▀ █▀▄ ▀█ █ ▄█
█▄█▀ █▀▄  ▄▀▀▀ ████ ▀██▀ ▄▄▀██ ▄ █▀▄▄▄█ ▀██▄ █ █▀  ▀▀█▀▀▄██
█ ▀ █▄█▄▀ ▀▄▀▀ ▀ ▄▀   █▄▄▀█▀ ▄▀█▀█▀█ ▀▀▄▀ ███▀█▄▀▄▀▀  █▀█▄█
█▀▀▀█ █▄  ██▄███▄ ▀█ █ ▀▀█▀ ▄  ██▄▄▀▀█▀█▄█ ▄▄▄▄▀▄▄▄▄ ▀▀ ▀▄█
█▀█▀▄██▄▄ █   ▄ █ █▄█▀█ ▄█▀█▀▄  █▀▀▀▀    ▀ █▀█▀ ▄  ▀██▄█▄██
█ ▄ ▄██▄█ ▄█▄▄▀███▀▀▀█ █  █▄█▄█▀█▀ ▄▀█▀█ ▄ ▀▄█ ██ █▀▄██▀ ▀█
█ ▀ ▀▀▄▄ █▄ ▀ ▄██▀▀█ █ ██▄ ▀▀█▀▀█▄ ▄▄█ ▀▀  ▄█▀  ▀▀ ▄▀  ▄  █
███████▄█  ▀█▄▄▀ ▄ ▄ ▀▀█▄▄▀ ▄▄▄  ▀ █▄ █ ▀█▀███▀█▀ ▄▄▄ █▄▄▀█
█ ▄▄▄▄▄ ██ ▀ ▄▄ ▄▀▀█ ██ ▄ █ █▄█ ▀▀▄▄█ ▄▄▀▄▄▄ ▄▄▄█ █▄█ ▄▀███
█ █   █ █▀█▄██▀ ▀█ ▀ ▄ ▀ ▀ ▄ ▄  █ ▀ █▀██ █▄▄▄▄▀ ▄   ▄ ▀▄ ██
█ █▄▄▄█ █   ▀ █     ▄▀▀██▀█ ▀██▀█▀▀▀▀▄▄ ██ ▀█  █  ▀▀▀█▄██▀█
█▄▄▄▄▄▄▄█▄▄▄█▄█▄█▄▄██▄█▄█████▄███▄██▄███▄▄█▄███▄█▄▄▄▄██████

▄▄▄▄▄▄▄▄▄▄▄▄▄▄▄▄▄▄▄▄▄▄▄▄▄▄▄▄▄▄▄▄▄▄▄▄▄▄▄▄▄▄▄▄▄▄▄▄▄▄▄▄▄▄▄▄▄▄▄
█ ▄▄▄▄▄ █▀  ▄▄▀▄██ ▀▀▀ █   ██▄▄▄▀ ▄▀▄▀▄▀█ ▄ ██▄▄ ██ ▄▄▄▄▄ █
█ █   █ █▀▀ ▀▀▀▄██  █▄▄█  ▀█▀▄█▄▀▄    ██▄█▄▄▄▄ ▄ ██ █   █ █
█ █▄▄▄█ █▀█▄▀▄█ ▄█▀▀▄ ▄▄▀ █ ▄▄▄ ▄▄▀█▄▀▄█▀█  ▄█▀▀▄██ █▄▄▄█ █
█▄▄▄▄▄▄▄█▄▀▄█ ▀▄▀▄▀▄▀ ▀ █ █ █▄█ ▀▄█ ▀▄▀ ▀▄▀ ▀▄█ ▀▄█▄▄▄▄▄▄▄█
█   ▄ ▀▄▄▄█▀ ▀▀▀██  ▄▄▄▀▀ ▄▄ ▄  ▀█▀██  ▄█▀▄▀ ▀▀▄   █ ▀▄▀ ██
█▀▀▀▀ ▀▄██▄ █ ▄ ▀ ▀ ▀▀▀ ▄█ █▄▀ █▀▀ ██▄█▀██ ▀███▄▀▀▄▀██▀▀▄▀█
█▀▀█▄█ ▄   ▄█▀▄▄▀▄▀ ▄▄▀▄  ▀█▄█▀██▀ █▄▄▀█▀▀ ▀▄█▀▄  ▀▄███▄▀▀█
█▀▄█▀▀█▄▀█ ▀▀██▀▀█▀▄ ███▀▀▀█ ▄▀▄██▀   ▄▀▀▄  ▀▄█▄▄▀█▄ ▄▄ ▀▀█
█▄█▀▀█ ▄  ▄▀ ▄▄▀█▄ ▄▀█▀█  █▄▀  ▀▄▀ █▄ ▀█▀█▀  █▄▄▀▀ ▄▀▀▄█▄▀█
█▀▀ ▄█ ▄▄█▄██▀▀█ ▀█▄ ██ ▄▄ ▄█▄    █ ██▀▀ ▄▀  █▄▀▀▀ ▄▀▀▀  ██
█▄  ▄▄█▄█▄ ▄▀▄▀█▄▀▀▄▄██▀▀▄ ▀█▀▀ ▄▀▀▄ ▄▀▄██   █▄█▄▀██▀█▀  ▀█
███▄█▀█▄█  ▄  ▀█▄ ▀▀▄█▀█▀█▀ ▄███▄▄▄  ▄▀ █▀▄ ▄▀██▄▀█▄▄▄▀▀▀██
█  ▄▀▀▀▄███▀██ ▄▄▄▀▄█▄▄▀▀ ▀▀▀██▀▄ ▄ █  █▄█ ▀▄▀██▀▀ ▄█▀█ ▄▄█
██▄█▄ ▄▄▄  ▀▄▄▀▀ █▄█ ▀▄█▄ █ ▄▄▄  ▄ █▀█▄█ ▀▀▀ ▀███ ▄▄▄ ▀  ▀█
███▄▀ █▄█ ▀█▄█ █▄▄▄▀▀▄▄█ ▀█ █▄█ ▄▀▄█ ▄███▀▀▀██▄█▀ █▄█ █▄▄▀█
█▄▀▀▀▄ ▄▄▄▄██  █▀▀█▄█ ▄▀█▀▄    ▄█ ▄▀▄█  █▀██ ▀▄▄▄▄ ▄ ▄  ▄▀█
█▀▄▄▄  ▄▄▄ ▄████▄█▀▄ ▄██▀ ▄▄▀▄▀ ▄▀▀█▄ ▀█▄█  ██▄██▀▄▄█▄█▄ ▀█
██▄  ▀▀▄█ ▄▀ █▄█▄▄█▄   █ █▀ █▄▀ █▀▄ █ ██ ▀█▄█ ▄█▄▄ ▀█▄▀ █▀█
█ ██▄██▄ ▄ ▀█▀ ▀▀█▀▄▀▀▀▀▄ ▄█▀█▀▄ ██▄▄ █▄██▀ ▄█▄██▄ █████▄▀█
█▀  ▄██▄  █▄█  ▀▀█▀▀▀ ▄█▄ ▄▀▀█▄▄▀▄ ▄   ▄ ▀█▄█ ▄█▀█ ▀▀▀█ ▄▄█
█▄█  ▄▄▄▄▀▄ ▄▄▄▀▀▄  ▄▄██  █▀▀▄▀ ▀█▀█  █▄▀▀▀▀ █▀██▀  ██ ▀███
████ ▄▀▄▄▄█▄▄▀██▀ ▀ ██▀  ▀█▀█▄▄▄█████▄▄▄▄▀ █▀▀█  ▀▄▀▀██ ▄▀█
█▀█▀   ▄▄  █▄█▄█▄▄▀  █▀▄ ▀█▄▄██ ▄▀▄█▀▄▀▄▀█ ▀██▄▄▀█▀█▄█ █▀▀█
█ ▀ ▀▀▄▄█ ▀▄ █ ▄ ██▀▄▄██▄▀█▄▄▀ ▄▀█▄▀▀▄█▀  ▀ ▀▄▄█ █▄▀█▄▀ ▄▀█
███████▄█▀▄▀▀ ▄███▄ ▀▄█▀▀ ▀ ▄▄▄  █▄█  ▀█▀█▄▀ ██▄█ ▄▄▄ ▀ ▄██
█ ▄▄▄▄▄ █▄▀  ██ ▀ ▀▄ █▄▀▀█▄ █▄█  ███ ▄▄▄▄ ▄█▀▀██▀ █▄█ ▄  ▀█
█ █   █ █   █▄█▀▄▀▀▄▄███▀▄▄▄▄  ▄ █▄▄█▄▀▄▄▀█▀▀▀▄▄▄▄▄ ▄▄ ▀█▄█
█ █▄▄▄█ █  █▀ ██▄ ▄▄▄███▀██▄▄█▀█▄██▀█ ▄▄▀█▄██▄▄█▄▄▀█▀█ ▀███
█▄▄▄▄▄▄▄█▄▄▄█▄█▄▄█▄▄▄▄▄██▄▄██▄█▄▄▄▄▄▄▄▄█████▄█▄████▄███▄▄██

▄▄▄▄▄▄▄▄▄▄▄▄▄▄▄▄▄▄▄▄▄▄▄▄▄▄▄▄▄▄▄▄▄▄▄▄▄▄▄▄▄▄▄▄▄▄▄▄▄▄▄▄▄▄▄▄▄▄▄
█ ▄▄▄▄▄ █▄▄   ▀ ▀▀██▄▀▄█▄  ▀▀▄  ▀▄▀█▀ ▀█▄█  ▄▀ ▄ ██ ▄▄▄▄▄ █
█ █   █ █  ▀█  ▄██ ▀███▄ ▀ █ ███▀▄▀▀  ▄█▄█▄█▀█▀▄ ██ █   █ █
█ █▄▄▄█ █▄▄▄█▄▀▀▀▀ ▄ ▀▀  █▀ ▄▄▄ ▀ ▄▀ █ ▄█ ▀█  ▄▀▄██ █▄▄▄█ █
█▄▄▄▄▄▄▄█▄▀▄█ ▀ █▄█ ▀▄█ ▀▄█ █▄█ ▀ ▀ █ ▀▄█▄█▄▀ ▀ █ █▄▄▄▄▄▄▄█
█   ▄▀█▄▀ █ █▄ ▀▄▄ ▀█▄█ ▀▀█▄ ▄   █ ▄█▀▀▄▄ ▄ ▀▀ █▀▀ █▀▄▄ ▀▄█
█▄█ ▄█▀▄▄▀█▄█▄ ▀▄▄ ██ ▄▄█ ██▀█▀ █ ▀▀▄▀▀  ▀▀▄▀▄  ▄▄▀ █▄ ▄  █
██▀ ▀█▄▄ █ ▀▀█▄ █▄█▄▄ █▄▄▄ ▀███▀██▀▄  ▀ █▀▀▄▄▀█▄█▄▀ ███▄▀██
█▄ █  █▄ █▀ ▀▄▄▀ ▄▄▄▀█▀▀▀  █ ▄█▀▄███ ▀ █▄▀ ▄ ▄▀█▄ ▄▄ ▄▀  ▀█
█ █▀█▀▀▄▄▀▀█▀▀  █  ▀██ ▀ █▀█▄▄ ▄  ▄▀▀▀██▀█▀▄▄▄█  ▄▄█▄█▄ ▄▄█
█ ██▀█▄▄▄▀ █▀█▀▀█▀▀ ▀█▀ ▀▀  ▀▄▄█  ▀ █▀ ▄▀ ▄█▄ ▀ ██▄▄█▀█▄▄██
█ █ █▄█▄▄▄▀█▀█ ██ ▀███▄ ▀█▀▀▄ ▀▀▀█ █▄█ ▄▀  ▀▀██▄▄  █ ▄▀▀▀▀█
█ ▀█ ▄▀▄▀█  █▀▀▄▀▄ ▄ ▄▄▀  █▀▀▀▄ ▀▄▀▄▀ █▀ ███   ▀█▄█ █  ▄█▄█
█▄  █▄▄▄▄ █  ▀▄▄ ▄█ █  ▀█▄████▀█▄▄  ▀▄ ▀ █▄█▄█▀█▄▄▀▀▀▀▀▄▄ █
█▄███ ▄▄▄ ▀▀█▀▀ ▀▄▄▄▀▀█▄▄▀▄ ▄▄▄ ▀▄█ ▀▄▀▀▀ ▀ ▀▀  █ ▄▄▄ ▀▀▀▀█
█ ▀▄▄ █▄█  ██ ██▀ █▄██▀▀▀▄█ █▄█   ▀▀▀▀▄█ █▀▄▀▄    █▄█ ▄   █
███ █  ▄   █▀▄ ▀█▀▀▄█▄▀█▀█▄▄▄ ▄ █▄ ▀ ▀ ▀████▄█▀█  ▄  ▄▄█▄██
█▄▄ █▀ ▄▀▀▀██▄▄█▄█▀█ ▄█ ▀ █▄█▄▀▀█▀ ▄ ▀▀█ ▄  ▀▀█████▄▄██▄▀██
█ ▀█▄█ ▄▄▀▀█▀  ▄▀▀▄▀▄▄█▀█▄█▀   █▀ ▀▄██▀██ ▄▀▄▀▀▀█▀▄ █▄ █▄ █
█▀ ▀ █▀▄  ▄▀▄▀ ████ ▀██▀ ▄▄▀██ ▄ █▀▄  █ █▀█▄ █ █▀  ▀▀█▀▀███
█ ▀ █▄█▄▀   █▀██ ▄▀   █▄▄▀█▀ ▄ █▀█▀█▀ ▀▄  ██▄▀█▄▀▄▀▀  █▀█▄█
█▀▀▀██▄▄  ███▀▀▀▄ ▀█ █ ▀▀█▀ ▄  ██▄▄▀▀█▀█▄█ ▄▄▄▄▀▄▄   ▀▀▄▀▄█
█▀█▀▄█▄▄▄ ▄▀█▀█ █ █▄█▀█ ▄███▀▄  █▀█▀▀    ▀ ▀▀██▄▄  ███▀▄▄██
█ ▄█▄▄ ▄█▄  ▄▄█▄██▀▀▀█ █  █▀█▄█▀█▀▄▄▀█ █ ▄█ ▄████ ▄▀▄█   ▀█
█ ▀ ▀▀▄▄ █▄ ▀ ▄██▀▄▀ █ ▀█▄▀▀▀█▀▀█▄ █ ▀ ▄█▄▄▄▀█▀█▀▀▄ ▄ █▄  █
███████▄█▀ ▀█▄▄▀█▄▄▄▄ █▀██▀ ▄▄▄  ▀ █▀▄  █▀██▄█▀▄▀ ▄▄▄ ▄█▄▀█
█ ▄▄▄▄▄ ██ ▀ ▄▄ ██▀██▀█  ▀█ █▄█ ▀▀▄▄ ▀▄▄████ ▀██▀ █▄█ ▄▀█▀█
█ █   █ █▀█▄ ▀▀ ▀█ ▀ ▄ ▀ ▀ ▄    ▀▄▀ ▀███ █▄▄▀ ▀ ▄   ▄ ▀▄▀██
█ █▄▄▄█ █ █▀▄▀▀▀    ▄▀▀██▀█ ███▀▄▀▀▀▀█▄ █▄ ▀▄  █  ▀▀▀█▄██▀█
█▄▄▄▄▄▄▄█▄▄▄▄▄▄██▄▄██▄█▄█████████▄██▄███▄▄█▄███▄█▄▄▄▄▄█████

▄▄▄▄▄▄▄▄▄▄▄▄▄▄▄▄▄▄▄▄▄▄▄▄▄▄▄▄▄▄▄▄▄▄▄▄▄▄▄▄▄▄▄▄▄▄▄▄▄▄▄▄▄▄▄▄▄▄▄
█ ▄▄▄▄▄ █▄▄   ▀▀█▀▄▄ ██▄▄▄ ▀▀▄  ▀▄▀▀▀▀▀█▀ ▀ ▀▀ ▄ ██ ▄▄▄▄▄ █
█ █   █ █  ▀█▄ ▄█▄ ▀▄▄█▄   █ ███▀█▀▀▀▀▄█ █▄█▀█▀▄ ██ █   █ █
█ █▄▄▄█ █▄  ██▀▀▀▀ ▄ ▀▀  █▀ ▄▄▄ ▄█▄▀▀  ▄▄▀▀█▀█▄▀▄██ █▄▄▄█ █
█▄▄▄▄▄▄▄█▄▀ ▀▄▀ █▄█ ▀▄█ ▀▄█ █▄█ ▀ ▀ █ ▀▄█▄█▄▀ ▀ █ █▄▄▄▄▄▄▄█
█   ▄▀█▄▀▄▀▄ █ ▀▄▄ ▀█▄█ ▀▀█  ▄   █ ▄█▀▀▄▄ ▄ ▀▀ █ ▀▄█▀▄▄ ▀▄█
█▄█ ▄█▀▄▀ ▀▀▀▄ ▀▄▄ ██ ▄▄█ ███▀▀ █ ▀█▄▀▀▄ ▀█▄▀▄  ▄█▀▀ ▄ ▄  █
██▀▄▄█▄▄▀▄ ▀▀█▄ █▄█▄▄ █▄▄▄▀ ███▀██▀▄  ▀ █▀▄█▄▀█▄█▄▀ ▄▀▀ ▀██
█ ▀▄▀ █▄▀▄▀ ▀▄▄▀ ▄█▀▀█▀ ▀  █▀▄█▀▄█ ▄ █ ▄ ██▄  ▄█ ▀▄▄▀█▀▀ ▀█
█▄▄▄▀▀▀▄▄▀▀█▀▀    █▀█▄▄█ ▄▀█▄▄▀█  ▄ ████ █▀▄▀    ▄▄█▄██  ▄█
█▀▄▄▄█▄▄▄▀ █▀█▀▀ █▀ ▀▀▀ ▄▄  ▀▄▄▄ ▄▀    █  ▄▄▄▀▀ ██▄ █▀█▄ ██
█▀█ █  ▄▄▄▀██▀ ██ ▀███▄ ▀█▀▀▄ ▀▀██ █▀▀ ▄▀  ▀▀▀█▄▄ ▀█ ▄▀▀ ▀█
█ ▀█   ▄▀▀ ▄▀ █▀▀▄ ▄ ▄▄▀  █▀▀▀▄ ▀█▀▄  █▀ ███   ▀█▄ ▀█▄ ▄█▄█
█▄  ██▄▄██▀▄▀▄▄  ▄█ █  ▀█▄████▀█▄▄  ▀▄ ▀ █▄█▄█▀█▄█  ██▀▄▄ █
█▄███ ▄▄▄ █▀█▄▀█▀▄▄▄▀▀█▄▄▀  ▄▄▄ ▀▄█▄▀▄▀█▀ █ ▀▀  ▄ ▄▄▄ ▀▀▀▀█
█ ▀   █▄█  ▄█ ▄▄▀ █▄██▀▀▀▄█ █▄█    ▀▀▀█▄ ██▄▀▄▄▀  █▄█  ▄  █
█▀▄▀▀▄▄▄▄  █▀▄ ▀█▀ ▄█▄▄▄▀█▄ ▄ ▄ █▄  ▄█  ██ █▄▀▀▄  ▄  ▄█▄▄██
█ ▄█ ▀ ▄▄ ▀██▄▄██▄ ▀ █ ▄▄ █▄▄▄▀▀█▀ ▄▄█▀▄▄▄  ██▀▄█▄█▄█▄▄████
█ ▄▄▀█ ▄█ ▀█▀  ▄▀ ▄▀ ▄█▀▄▄█▀██ ██ ▀▄▄█ █ ██ ▀   ▄▀▄  █ █▄ █
█▄█▀ █▀▄  ▄▀▄▀ ████ ▀██▀ ▄▄▀██  █▀▀▄  █ ▄▀█▄ ▀ █▀  ▀▀█▀▀█▄█
█ ▀ █▄█▄▀ █▀ █ ▄ ▄▀   █▄▄▀█▀ ▄▄█▀█▀█▀▀▀▄ ▀██▄▀█▄▀▄▀▀  █▀█▄█
█▀▀▀█▀█▄  ▄▄█  █▄ ▀█ █ ▀▀█▀ ▄  ██▄▄▀▀█▀█▄█ ▄▄▄▄▀▄▄██ ▀█▄▀▄█
█▀█▀▄▄▀▄▄ ▄█ ▄ ▀█ █▄█▀█ ▄█▀█▀▄  █▀██▀ ▄  ▀ █▀██▄  ▄▀██▄█▄██
█ ▄▀ ▀▄▄▀▀█ ▄▄▀ ██▀▀▀█ █  █▀█▄█▀█▀▄▄▀█▀▄ ▄▀ ▄██▄█▄▄  ██▀ ▀█
█ ▀ ▀▀▄▄ ▀▄ ▀ ▄██▀█▀ █▀▄█▄ █▀█▀▀█▄ ▄ ▀ ▄▀▄ ██▀▀▀▀▀ ▄▄▄ ▄  █
███████▄▄▀ ▀█▄▄▀█▄█ ▄ █▀▄█▀ ▄▄▄  ▀ █▀▄▀ ▀████▀ █▀ ▄▄▄ █▄▄▀█
█ ▄▄▄▄▄ ██ ▀ ▄▄ ▀█▀█  █ ▄▄█ █▄█ ▀▀▄▄▀▄▄▄▀ ██▀▀██▀ █▄█ ▄▀▀▀█
█ █   █ █▀█▄▄ ▀ ▀█ ▀ ▄ ▀ ▀ ▄ ▄  ▄▄▀ ▄▀██▄█▄▄  ▀ █   ▄ ▀▄▀██
█ █▄▄▄█ █ █▄▄█▀▀    ▄▀▀██▀█ ▄██▀█ ▀▀ ▄▄ █▄ ▀█  █  ▀▀██▄██▀█
█▄▄▄▄▄▄▄█▄█▄█▄▄██▄▄██▄█▄████▄▄███▄██▄███▄▄█▄███▄█▄▄▄▄██████

{"level":30,"time":1781023402504,"pid":13564,"hostname":"DESKTOP-S43JR5G","trace":"Error: QR refs attempts ended\n    at Timeout.genPairQR [as _onTimeout] (C:\\Users\\facun\\Documents\\Usagi\\LaExtra\\python\\whatsapp-service\\node_modules\\@whiskeysockets\\baileys\\lib\\Socket\\socket.js:480:21)\n    at listOnTimeout (node:internal/timers:605:17)\n    at process.processTimers (node:internal/timers:541:7)","msg":"connection errored"}
Connection status: close
Last disconnect error details: Error: QR refs attempts ended
    at Timeout.genPairQR [as _onTimeout] (C:\Users\facun\Documents\Usagi\LaExtra\python\whatsapp-service\node_modules\@whiskeysockets\baileys\lib\Socket\socket.js:480:21)
    at listOnTimeout (node:internal/timers:605:17)
    at process.processTimers (node:internal/timers:541:7) {
  data: null,
  isBoom: true,
  isServer: false,
  output: {
    statusCode: 408,
    payload: {
      statusCode: 408,
      error: 'Request Time-out',
      message: 'QR refs attempts ended'
    },
    headers: {}
  }
}
Connection closed. Logged out: false, Status Code: 408
Reconnecting / Restarting WhatsApp socket connection in 5 seconds...
Fetched latest WhatsApp version: 2.3000.1035194821
Connection status: connecting
{"level":30,"time":1781023407882,"pid":13564,"hostname":"DESKTOP-S43JR5G","browser":["Windows","Chrome","120.0.0.0"],"helloMsg":{"clientHello":{"ephemeral":"gLWGZBuXG8OGXhZjHUO0j9Van6fkoXFzrA+ud2iLPzw="}},"msg":"connected to WA"}
{"level":30,"time":1781023408132,"pid":13564,"hostname":"DESKTOP-S43JR5G","node":{"passive":false,"userAgent":{"platform":"WEB","appVersion":{"primary":2,"secondary":3000,"tertiary":1035194821},"osVersion":"0.1","device":"Desktop","osBuildNumber":"0.1","releaseChannel":"RELEASE","localeLanguageIso6391":"en","localeCountryIso31661Alpha2":"US"},"webInfo":{"webSubPlatform":"WEB_BROWSER"},"connectType":"WIFI_UNKNOWN","connectReason":"USER_ACTIVATED","devicePairingData":{"eRegid":"AAAAjQ==","eKeytype":"BQ==","eIdent":"fdl+J44BqrTj6b0I4NrwYLxZU4GM/43h59l3CEHcbzs=","eSkeyId":"AAAB","eSkeyVal":"KcThqiyZkOQIp3nJWUdSVYbuxelAHYYVN3qqD2LmUw8=","eSkeySig":"mcUBDcTFcUSGkfEDMNXc6MbL3/hXrGf1tMxF1JjTnZ/45CTsF8KT97qtKxLTSf/Md6k3Y//0Z4Q1/L9UxSRogw==","buildHash":"oslHHv+RCp4a5lmJCiiHLQ==","deviceProps":"CgdXaW5kb3dzGAEgAA=="}},"msg":"not logged in, attempting registration..."}
▄▄▄▄▄▄▄▄▄▄▄▄▄▄▄▄▄▄▄▄▄▄▄▄▄▄▄▄▄▄▄▄▄▄▄▄▄▄▄▄▄▄▄▄▄▄▄▄▄▄▄▄▄▄▄▄▄▄▄
█ ▄▄▄▄▄ █▀ ▀▀██ █▀█  ▀▄▄ ▄▀▀ ▀▄ ▄█▀▀██▀▀██  ▄█▄▄ ██ ▄▄▄▄▄ █
█ █   █ █▀▀  ▀ ▄██ ▀▄▄▄▄  ▀██▄ ▄▀██▀▀ ▄▀▄█▄ ▀▄ ▄ ██ █   █ █
█ █▄▄▄█ █▀▀▀▀██▄▄███▄   ▀ █ ▄▄▄ █ ██▄▄▄▀ █▀▄ █▀▀▄██ █▄▄▄█ █
█▄▄▄▄▄▄▄█▄▀▄▀ ▀ ▀▄█▄▀ ▀▄█ █ █▄█ ▀▄█ ▀▄█ ▀▄█▄█ ▀ ▀▄█▄▄▄▄▄▄▄█
█▄▄  ▄█▄  ▀▀ ▀▄█▄▄▄  ▄▀▀▀ ▄▄▄   ▀█▀█▀ ▀▄██ ▀▄█▄█▀  █▄▀▄▀▄▀█
█▄▄▀▄▄▄▄▀█▀▄█ ▄ █ ▀ ▀▀▀   ▄▄▄█▀▄██▄█▀█▄▄█▀▀▀ ▀▄█ ▀██▀ ▀▀▄▀█
██▀▀▄ ▄▄   ▄█ ▄▄▄█▀  █▀▄▄▀▄▄▀█▀█▄█▄▄▄▄▄█ ▀ ▀█▀█▄▀▀▀▄██▀ ▀ █
█▀▀▀▀▀▄▄█▄  ▄▀▄▄▀▄▄ ▀▄▀▄▄▄ ▄▀██  ▀▀ █ ▄▄▄   ▀ ▀▄ ▀██ █▀  ▀█
█ █  ▄█▄ ▄▄▄▄▄ █▄▄  ▀█▀█▀ ▀▄▀   ▀▀▀▄   ▄▄█▀ ▄███▀▀ █▀█▀ █▀█
█ ██▄█▀▄ ▀  █▄▀█▀ █▄██ ▀ ▀▄█▀  █ ▀▀ ▀██▄▄▀▀▀▀ ▄ ▄▄   █ ▀ ██
█ ▀ █▄▀▄  ▀███▀█▄▀▀▄▄█▀▀▀▄  █▀▀ ▄▀██▀ █▄▀▀▀ ██▄█▄▀ █▀▀▄▄ ▀█
██▄██ ▀▄█▀▀ ▄▄  ▄  ▀▄█▄▀▀█▀ ▄▀ █▄█▄▀▀ ▄ ▀▀▀  █▄▄ ▀▀▀▀▀▀ ▀██
█▀ █▀ ▄▄▀██▄▀▄  ▄█▄ █▄▀▀▀ ▀██▀▄ ▄ ▄   ▀▄▀▀   ▀█▄▄▀██▀██▀  █
█▀▄▄█ ▄▄▄ ▀▀▄█▄███▄█ ▀▄█▄▀▄ ▄▄▄   ▄█▀█ ▄ ▀▀▀▄█▄▄▄ ▄▄▄ ▀  ▀█
██▄▄  █▄█  ▀ ███▄█▄▀▄▄▄█▀▀█ █▄█ ▀█▀█▄▄▀█▀█   ▀███ █▄█ ▀▀▄██
█▀██▄▄ ▄▄▄▀▀▀▄█ ▄█▀▀ ▄▄ █▄▄   ▄▄ ▀█ ▄█▀ █▀ ▄▀ █ ▀▄  ▄▄  ▄▀█
█ ▀██▀▄▄▄▄▄█ ██▄ ▄▀▄▄▄██▀▀▄▀▄█▀ █▀▀█  ▀▄▄█  ▄█▄▄▀ ▀ ▄█▄█▀▀█
█▄▄▄ ▀▀▄   ▀ ▄▄▀▄█▄▄█▀▄ ▀ ▀  ▀▀  █▄ ▀█▄▄▄██▀▀█▄█▄▄ █▀██  ▀█
█▄ █▄▄ ▄ ▄ █ ▀ ▀▀█▄ ▀▀▀█▄ █▀▀█▄ ▄▀▄█ ▄▀██▀▀▀▄█▄▄▀▀▀▄█▄ ██▀█
██  ▄▄▀▄ ▀▀▄  ▀█▀██▄▀  ▀▄ ▄▄▀█▀▄ █▀▄▄███▀ ▄▀█▀▄ ▀▄ ▀▄ ▄ ▄▄█
█ ██ ▀▀▄█ █▄████▄▄█▄▄▄█▀▀ █▀▀▄██▀█▀█▄  ▄▀█   █▀▄█ ▀ ▀▄▄█▀██
████  ▄▄██   ▀█ ▄█▀ ▄▄▀ ▄▀▀▀▄█▄▄▀█▀▀▄▀██▄▄▄▀█    ▄▄█▄▄   ██
█  ▄██▄▄ ██ █ █ █▄▀ ▀▄▀▄ ▀██▄▄ █▄▀██▄  █▀▀▄ ██▄█▀▄▄▀██ ▀█▀█
█ ▀ ▀▀▄▄█▀▀▄██▀▀▀ ▄▄ ▄███▀▄▀█▄▀▄▀ ▄ ▄  ▄▄▀▄█   █▀▄▄█▀▀█▀ ██
███████▄▄▀ ▀▄▀▄▀▄█▀▄▀▄▄▀▀▀█ ▄▄▄  █▄█  ██▄█▄▀████▀ ▄▄▄ ▄█▄██
█ ▄▄▄▄▄ █▄▀ ▀█▄██▄ ▀█▄    █ █▄█ ▀▀  ██▄ ▀█▄▀ ▀▄▄▀ █▄█ ▄  ▀█
█ █   █ █ ▄█▀▀ █▄▀▄ ▄█▀▀▀▄▀    ▄▀▀▄██ ▄███  █▀▄█▀  ▄▄ ▄█▄██
█ █▄▄▄█ █  █   ▄▄  █▄█  ▀█▄▄▀▀▀██▄█▀█  ▄▄ ▄▀▄▄  ▄  █ ▀  ███
█▄▄▄▄▄▄▄█▄█▄███▄▄█▄▄▄▄██▄██████▄▄▄▄▄▄▄██████▄██▄███▄▄███▄██

▄▄▄▄▄▄▄▄▄▄▄▄▄▄▄▄▄▄▄▄▄▄▄▄▄▄▄▄▄▄▄▄▄▄▄▄▄▄▄▄▄▄▄▄▄▄▄▄▄▄▄▄▄▄▄▄▄▄▄
█ ▄▄▄▄▄ █▄▄▀█▀▄█▀█▀▄▄▀ ▄▄ ▀█▄▀ ▄▄▀██▀ ▄█▀▀▄▄▀▀ ▄ ██ ▄▄▄▄▄ █
█ █   █ █  ▀▄▄▀▄▄▄  ▄███ ▀ █▄█ ██▄▄ ▀ █▀█▄▄▀█▄▀▄ ██ █   █ █
█ █▄▄▄█ █▄ ▀▀ ▀█▀▀▄  ▀█▄ █▀ ▄▄▄ ▀▄ ▀▄   ▀  ▀▄█▄▀▄██ █▄▄▄█ █
█▄▄▄▄▄▄▄█▄▀▄▀▄▀▄█▄▀ ▀▄█▄▀▄█ █▄█ ▀ ▀ █ █▄█▄▀ █▄█ █ █▄▄▄▄▄▄▄█
█▄▄  ▀█▄▀▄ ▄ ▄████▄▀▀▄  ▀▀▀▄▄    █ ▄▀▀ ▄▄▄  ███▄▀  ██ ▄ █ █
█▀  ▀▀█▄▀ ▄▄ ▄ ▀ ▄ ██ ▄▄▀█▀▄▀█ ▀▀▄▀▀  ▄▀ █▄▄▄ ▀▀█ ▀█▀█ ▄  █
█▀▀▀█  ▄▄ █▄▀▄▄  ██▄ ▀█▄ █▄ ▄▀█▀▄▀▀█  ▀ ▄▀█▄██▀███▀  ▀█▄▀▄█
███▀  ▄▄▄█▀▀▄ █▄ █▀▀ ▄▀ ▄█▀▄▀▄▀▀▀▀ ██▀▀ ▀▀▄▀ ▄█▀▄▀▄█ █ ▀▀▀█
█ █ ▀ ▄▄▄█▀ █▀▄▄ ▀▀█▄█▄█▀▄██▄▄▀██ ▄▀█▀██▄▀ █▄  ▀ ▄▄▄▄▀▀▄█ █
██▄▀ ▀█▄ █▄ ▀ ▀▀▀▄▀  █▄▀  ▄▀█ █▀ ██ ▄ █▀▀▀▄██▀    ▄▄▄█▄█▀██
█▀▀ ▄█ ▄▀  ▄▄█ ██ ▀███  ▀█▀ ▄ ▀▀ ▀▄▄ ▀▄▄▄▄▀▀▀▀█▄▄ ▀█  ▄█  █
█  ▄  ▀▄▀▄▀ ▄  ▀▀▄▀▄ ▄▀█  █▀▀█▀  ▄▀█▀▄ ▀█▄ ██▄▀ ▀▄▀█▄▀ ██▄█
██ ▀██▄▄▀▀████ █ █ ▄█ █▀█▄██▀▀ ▄▄▄  ▄▄▀ █▀▄▄ █▀▄██▄▀▀█▀█ ▄█
█ █▄▄ ▄▄▄ ▄████ ▄▄▄▄▀▀█▄▄ ▄ ▄▄▄ ▀ █▄▀▄█▄▀ █ ██▀▀▄ ▄▄▄ ▀▀▀▀█
█  ▄  █▄█ ▄ ▀  ▀▀▀█▄ █▀▀ ▄█ █▄█ █▄  █▀█▄▄▀▀▄▄ ▀▀▄ █▄█ ▀▄ ▄█
█ █▀█  ▄▄ █▀█ █▄ █    ▄▄▀ ▄▄▄    █  ▄▀ ▀▀█▀▄▀▄  ▄  ▄▄ ▄▄▄██
█▄▀▀▄ ▄▄▄ █▄ ▄▄▄██▄▀ ██  ▀█▀ █▀▀▄▀ ▄▀█▀█   ▀▄▀▄█▀▀  ▀███▄▀█
█▄▀▄ █ ▄█▄██▀▀  █▄█▀ █▀▄█▄█▀██ █  ▀▄██ █▀█▄▄▄▄ ▀█▀▄▄▄ ▄█  █
█▀█▀ ▄▄▄  ▄██  ███ ▄▀███ ▄████▄█ █ █  ▀▀ ███ ▀ ▄██▀ ▀▄▄▀▄██
█▄▀ ██▀▄▀▀  █▀▄▀ ▄██  ▀ ▄▀█▄ ▄▀█▀█ ██▄▄█▀▀▄ ▄ █▀▀█▀▀█▀▄▀█▄█
██▀▄█▀▄▄▀▀▀▀▄ ▄▀▀ ▄▀ █ █ █▀ ▄ ▄ █▄▄▀██▄█▄▀▀█▄▄▄ ▄█ ▄▄ █▄█▄█
█▀█▀▄▄▀▄█▀▄█▄▀▄  ██▄▄ █  ███ █  ▀▀▀█ ███ ▄▄▀█▄ ▄▄ ▀█ ▄█▄ ▀█
█▀▀  █▄▄▀█▀▀█▀█▀▄█▀▀ ▄ █  █ ██ ▄█▀▀█▄▀▀█   ▀▄█▄█▀▄█▀▄█▀▀▄▀█
█ ▀ ▀▀▄▄▀ ▄ ▄ █ ▄▄ ▄▄█▄▀▄▄ ▀   ▀█▀ ▄███▄██▄█ █▀ ▄▀▄   ▀█▄▄█
███████▄▄ ▄▀ █▄█ ▄█ ▄ █████ ▄▄▄  ▀ █▄ █ ▀▀ ▄ ▀▀██ ▄▄▄ ▀  ██
█ ▄▄▄▄▄ ██ ▀▀▄██▀█  ▀▀▀▀▄█▄ █▄█ ▄█▀▀▄▄▄  ▄▄ ████  █▄█ ▄▀ ██
█ █   █ █▀▀▀▀▄▄▄▀███ ▄▄█ ▀█       ▀▀▀▀ ▄ ▀▀█▄ ▀▀ ▄▄▄ ▄█ ▀██
█ █▄▄▄█ █ ▀▀▄  ▀  ▄▀▄▀▄ █▀▄ ▀▀█▀█▀▀▀▀█  ▀▀ ██ ▄  ▄ ▀▀▀▄▄█▀█
█▄▄▄▄▄▄▄█▄▄██▄▄▄█▄▄██▄▄▄▄▄▄█▄▄███▄██▄█▄█▄▄█▄██▄██▄▄▄▄▄█▄███

▄▄▄▄▄▄▄▄▄▄▄▄▄▄▄▄▄▄▄▄▄▄▄▄▄▄▄▄▄▄▄▄▄▄▄▄▄▄▄▄▄▄▄▄▄▄▄▄▄▄▄▄▄▄▄▄▄▄▄
█ ▄▄▄▄▄ █▀ ▀▀█▄▀▀▀▄ ▄█▄▄ ▄▀▀ ▀▄ ▄██▀▄▄ ▀▄▀▄  ▀▄▄ ██ ▄▄▄▄▄ █
█ █   █ █▀▀ ▄▀ ▄▄█ ▀██▄▄▀ ▀██▄ ▄ ██▀▀▀▄▀▄█▄ ▄▄ ▄ ██ █   █ █
█ █▄▄▄█ █▀▀█▀▄█▄▄███▄   ▀ █ ▄▄▄ ▄████▀▄▀▀▀▀▄█▄▀▀▄██ █▄▄▄█ █
█▄▄▄▄▄▄▄█▄▀▄▀▄▀ ▀▄█▄▀ ▀▄█ █ █▄█ ▀▄█ ▀▄█ ▀▄█▄█ ▀ ▀▄█▄▄▄▄▄▄▄█
█▄▄   ▀▄▄ ▀█ ▄▄█▄▄▄  ▄▀▀▀ ▄▄▄   ▀█▀█▀ ▀▄██ ▀▄█▄█▀ ▄█▄▀▄▀▄▀█
█▄▄▀▄▄▄▄▀▄▀█ ▄▄ █ ▀ ▀▀▀   █▄▄▀▀▄██▄█▀█  █▀█▀ ▀▄███▄▄ █▀▀▄▀█
██▀ ▄ ▄▄▀▀█▄█ ▄▄▄█▀  █▀▄▄▀▄▄█▀▀█▄██▄▄▄██ ▀▀ █▀▀█▀ ▀▄▀█▀ ▀ █
█▀█ █▀▄▄▄█  ▄▀▄▄▀▄█ ▀▄▄█▄▄ ▄▀█▀  ▀ █▀  ▄ ▄ ██ █ ▄▄██▀█ ▀ ▀█
██ ▀ ▄█▄ ▄▄▄▄▄ █▄▄ ▄ ▄▀▀  ▀▄▀ ▀ ▀▀▀▄   █▀█   ██▄▀▀ █▀█  ▀██
█▄█▄▄█▀▄ ▀  █▄▀█▄▄█▄   ▀▄▀▄█▀  █▄▀▀ ▀▄█▄█▀   █▄ ▄▄ ▄ █ ▀ ██
█▄▄ █▀ ▄  ▀███▀█▄▀▀▄▄█▀▀▀▄  █▀▀  ▀██▀▄█▄██▀ ▄▀▄█▄▀▀█▀▀▄▄ ▀█
██▄██▀█▄▀▀█▀▀▀▀█▄  ▀▄█▄▀▀█▀ ▄▀ ██▄▄▀  ▄  ▀▀ ▀▄▄▄ ▀█▄██▀ ▀██
█▀ █▀ ▀▄▄▀▄ ▀█▀▄▄█▄ █▄▀▀▀ ▀██▀▄ ▄ ▄   ▀▄▀▀   ▀█▄▀  ▄▀██▀  █
█▀▄▄█ ▄▄▄ █▄▄▀▄███▄█ ▀▄█▄▀▀ ▄▄▄    █▀█▄  ▀█▀▄█  ▄ ▄▄▄ ▀  ▀█
██▄ ▄ █▄█ ▀▀ ███▄█▄▀▄▄▄█▀▀█ █▄█ ▀█▄▄▄▄▄█▀█▀▀ ▀ █  █▄█ █ ▄██
█▄▀▄█▄ ▄  ▀▀▀▄█ ▄█   ▄█ █▄▄   ▄▄ ▀▄ ▄█  ▀▀███ █    ▄ ▄▀ ▄▀█
█ ▀ ▄▀▄▄▀█▄█ ██▄█▄▄ ▀▄█▀▀▀▄▀▄█▀ █▀▀█  ▀█▀▀  ▄▀▄▄██▀ █▄███▀█
██▀▀▄▀▀▄▄  ▀ ▄▄▀█ ▄▄▀█▄ ▀ ▀  █▀ ▄▀▄  ▄█▄ ██ ▄▀▄▄█▄ █▀▀█  ██
█▀██▄▄ ▄ ▄ █▀▄ ▀▀█▄ ▀▀▀█▄ █▀▀██▄ ▀▄█▀ ▀███▀▀ █▄▄▀▀▀▄█▄ █▄▀█
██  ▄▄▀▄ ▀█ ▄▀▀ ▀██▄▀  ▀▄ ▄▄▀█▄▄▀▄▀▄▄▄██ ▀▄▀█▀▄ ▀▄ ▀▄ ▄ ▄▄█
█ ██ ▄▄▄█ █ █▄▄█▄▄█▄▄▄█▀▀ █▀▀▄██▀█▀█▄  ▄▀█   █▀▄█ ▄▀▀▄▄█▀██
████  ▄▄██████  ▄█▀ ▄▄▀ ▄▀█▀▄█▄▄▀██▀▄▀▀█▄▄ ██   ▄▄▄█▄▄ ▀ ██
█  █▄▄▀▄▄▀▀▄█ █▄█▄▀ ▀▄▀▄ ▀▄ ▄▄ █▄▀█▄▄ ██▀▀  ██▄██▄▀████▀█▀█
█ ▀ ▀▀▄▄▀▄▀▄██▀▀▀  ▄ ▄▄▀█▀▄▀█▄▀▄▀ ▄▀ ▄▄  ▀ █▄▄▄ █▄▄▀▄▄█▀ ██
███████▄█  ▀▄▀▄▀▄▄▄ ▄▄▀█▀▀█ ▄▄▄  █▄█  ▄▄▀▀▀ ▄███▀ ▄▄▄ ▄█▄██
█ ▄▄▄▄▄ █▄▀ ▀█▄█ ▄ ▀▀▀  █ █ █▄█ █▀  ▄ ▄ ▄▄▄   ▄▄▀ █▄█ ▄  ██
█ █   █ █ ▄█▀▀ █▄▀▄ ▄█▀▀▀▄▀ ▄  ▄▄█▄█ ▄▄█▀█  ██▄█   ▄▄▄▄████
█ █▄▄▄█ █     █▀▄  █▄█  ▀█▄▄█▀▀█▄██▀▄  ▄█▀▄▀▄▄  ▄  █▀█  ███
█▄▄▄▄▄▄▄█▄█▄▄███▄█▄▄▄▄██▄████▄█▄▄▄▄▄▄▄██████▄██▄███▄▄▄██▄██

▄▄▄▄▄▄▄▄▄▄▄▄▄▄▄▄▄▄▄▄▄▄▄▄▄▄▄▄▄▄▄▄▄▄▄▄▄▄▄▄▄▄▄▄▄▄▄▄▄▄▄▄▄▄▄▄▄▄▄
█ ▄▄▄▄▄ █▄▄▀█▀█▄▀█▀▄ ▀▀▄█▄▀█▄▀ ▄▄▀█▀ ▄ ▀██▀ ▄█ ▄ ██ ▄▄▄▄▄ █
█ █   █ █  ▀ ▄▀▄█▄  ▄▄██ ▀ █▄█ █ ▄▄  ▀█▀██▄▀▀█▀▄ ██ █   █ █
█ █▄▄▄█ █▄ ▀█▄▀█▀▀▄  ▀█▄ █▀ ▄▄▄    ▀ ▀   █ ▀▀ ▄▀▄██ █▄▄▄█ █
█▄▄▄▄▄▄▄█▄█ ▀▄▀▄█▄▀ ▀▄█▄▀▄█ █▄█ ▀ ▀ █ █▄█▄▀ █▄█ █ █▄▄▄▄▄▄▄█
█▄▄  ██▄▀▄  ▀ ████▄▀▀▄  ▀▀▀▄▄    █ ▄▀▀ ▄▄▄  ███▄█  ██▄▄ █ █
█▀  ▀▀▄▄ ██▄ ▄ ▀ ▄ ██ ▄▄▀█▀▄▀█ ▀▀▄█▀  ▄▀ █ ▄▄ ▀▀▄█▀▄▀  ▄  █
█▀▀█▀  ▄▀█▀▀▀▄▄  ██▄ ▀█▄ █▄ ▄▀█▀▄▀ █  ▀ ▄▀█▄██ ▄▄▄▀ ▀█▀ ▀▄█
█▄█▀▄ ▄▄▄█▀▀▄ █▄ █▄▀ ▄▀ ▄█▀▄▀▄▀▀▀▀▀ ▀▀██▀▀██▄ █▀█▄▄█▀▄  ▀▀█
█▄██▀ ▄▄▄█▀ █▀▄▄▀  ▀ █▄██▄██▄▄▀██ ▄ ▀▀█▄ ▀▀▄  ▄  ▄▄▄▄▀ █▀ █
█▄   ▀█▄ █▄ ▀ ▀▀▄▄▀   ▄▀▀ ▄▀█ ▄  ▀█ ▀█▄▀██▄▄█▀▀   ▄ ▄█▄█▄██
██  ▄▄▀▄▀  ▄▄▄ ██ ▀███  ▀█▀ ▄ ▀▀██▄▄ ▀▄▄▄ ▀▀█▀█▄▄  █  ▄█▀▀█
█  ▄ █▀▄█▄ ▀▄█ ▀▀▄▀▄ ▄▀█  █▀▀█▀  ▄▀█▀█ ▀▄▄ █▄▄▀ ▀▄█▀ █ ██▄█
██ ▀█▀█▄██ ▀█▀ ▄ █ ▄█ █▀█▄█▀▀▀ ▄▄▄  ▄▄▀ █▀▄▄ █▀▄▄█ ▀▄█▀█ ▄█
█ █▄▄ ▄▄▄ ██   █▄▄▄▄▀▀█▄▄ ▄ ▄▄▄ ▀ █ ▀▄█▄▀ ▀▄████▀ ▄▄▄ ▀▀▀▀█
█  ██ █▄█ █▄▀ ▀▄▀▀█▄ █▀▀ ▄█ █▄█ █▄  █▀██▄▀ █▄ ▀ ▄ █▄█ ▄  ▄█
█ ▄ ▀  ▄ ▄█▀█ █▄ █    ██▀ █▄▄    █▀▀ ▀█▀▀▀▄▄▀ █▄▄ ▄  ▄▄▄▄██
█▀▀   ▄▄ ▀█▄ ▄▄▄█▄▀█▀█  ▄ █▀▄▄▀▀▄▀ ▄▀▀ █ ▄▀ ██▀██   ▄█▄▄ ▀█
█▄▄ ██ ▄ ▀██▀▀  ▀ █▀▄▄▀▄  █▀▀  █ ▄▀▄▀▀▀▄▄███ ▀  █▀▄▄█ ▄█▀ █
██ ▀ ▄▄▄  ▄█ ▄ ███ ▄▀███ ▄████▄▄ ▀ ██▄▀▀█▀██▄▀ ▄██▀ ▀▄▄▀███
█▄▀ ██▀▄▀▀ █▄▀ ▄ ▄██  ▀ ▄▀█▄ ▄ █ ▄ █▄█▄█  ▄ ▄ █▀▀█▀▀█▀▄▀█▄█
██▀▄█▄ ▄▀▀▀   ▀▄▀ ▄▀ █ █ █▀ ▄ ▄ █▄▄▀██▄█▄▀▀█▄▄▄ ▄█▀▀▄ █ █▄█
█▀█▀▄█▄▄█▀ █▀█▀█ ██▄▄ █  █▀█ █  ▀▀█▀ █▀█ ▄ ██▄▄ ▄ ▀█ ▄ ▄ ▀█
█▀▀ ▄▄ ▄▄▄ ▀█▀██▄█▀▀ ▄ █  ▄▀██ ▄█▀█▄▄▀▀█  ▀ ▄████ ▄▄██  ▄▀█
█ ▀ ▀▀▄▄█▄▄ ▄ █ ▄▄ ▄▄█▀█▄▄     ▀█▀ ▄▀██▀██ █ ▀▀▀▀▄▄ ▄ ▄▄▄▄█
███████▄█▀▄▀ █▄█▀▄▄▄▀  ▀███ ▄▄▄  ▀ █▄▄  ▀▀▀█ █ ██ ▄▄▄  ▀ ██
█ ▄▄▄▄▄ ██ ▀▀▄██▀█  ██▀▀▀ ▄ █▄█  █▀▀▄▀█ ▄▄▄ ▄▀▄▄▀ █▄█ ▄▀ ██
█ █   █ █▀▀▀▄█▄▄▀███ ▄▄█ ▀█ ▄   ▄ ▀▀██ ▄▄▀▀█  ▀▀ ▄▄▄ ▄█  ▄█
█ █▄▄▄█ █ ▄▄▄▀▄▀  ▄▀▄▀▄ █▀▄ ▀██▀▄▀▀▀ ▄  ▀  █▄ ▄  ▄ ▀ ▀▄▄█▀█
█▄▄▄▄▄▄▄█▄███▄█▄█▄▄██▄▄▄▄▄▄█▄▄███▄██▄█▄█▄▄█▄██▄██▄▄▄▄▄█▄███

▄▄▄▄▄▄▄▄▄▄▄▄▄▄▄▄▄▄▄▄▄▄▄▄▄▄▄▄▄▄▄▄▄▄▄▄▄▄▄▄▄▄▄▄▄▄▄▄▄▄▄▄▄▄▄▄▄▄▄
█ ▄▄▄▄▄ █▄▄▀█▀█▄▀▀▀█ █ ▄ ▄▀█▄▀ ▄▄▀ ▀▀▀▄▀▄▄▄ █▀ ▄ ██ ▄▄▄▄▄ █
█ █   █ █  ▀▄▄▀▄▄▄  ████   █▄█ █▄▄▄ ▄ █▀██▄▀ ▄▀▄ ██ █   █ █
█ █▄▄▄█ █▄ ▀██▀█▀▀▄  ▀█▄ █▀ ▄▄▄ ▀▀ ▀▀▄  ▄█ ▀ █▄▀▄██ █▄▄▄█ █
█▄▄▄▄▄▄▄█▄▀ ▀ ▀▄█▄▀ ▀▄█▄▀▄█ █▄█ ▀ ▀ █ █▄█▄▀ █▄█ █ █▄▄▄▄▄▄▄█
█▄▄  ██▄█  █▄▀████▄▀▀▄  ▀▀█ ▄    █ ▄▀▀ ▄▄▄  ███▄▀▀▄██▄▄ █ █
█▀  ▀▀█▄ ▄ ▄▄▄ ▀ ▄ ██ ▄▄▀█ ▄█▀ ▀▀▄█▀  ▄▀ █▄ ▄ ▀▀▀▄ █▀█ ▄  █
█▀▀▀█  ▄███▀▀▄▄  ██▄ ▀█▄ █▄ ▀██▀▄▀▀█  ▀▀▄▀█▄██████▀ ▀█▀ ▀▄█
█ █ ▄ ▄▄▄▄▀▀▄ █▄ █▄█ ▄▄█▄█▀▄▀▄██▀▀▄▄██▄██▀   ▄█▀█▀▄█ ▄▀▀▀▀█
█▀ ▀▀ ▄▄▄█▀ █▀▄▄  █▀██▄▀ ▄██▄▄▀▄█ █▀▀███▄█▀█▄▄▀  ▄▄▄▄▀▀██ █
██▀▀█▀▀▄ █▄ ▀ ▀▀█▀▀   ▄▀▀ ▄▀█ ▄▀ ▀█ █▀▄▀▀▀█▄▄▄▀▀  ▄ ▄█▄█ ▀█
█ ▀ ▄█ ▄▀  ▄▄█ ██ ▀███  ▀█▀ ▄ ▀▀█▀▄▄▀▀▄▄▄▄▀▀▀██▄▄ ▀▄  ▄█▀▀█
█  ▄ ▄▀▄▀ ▀█▀▀ ▄▀▄▀▄ ▄▀█  █▀▀█▀  █▀█▀▄ ▀▄▄ █▄▄▀ ▀▄▄█ █ ██▄█
██ ▀█▄▀▄██ █ ▀▄▄ █ ▄█ █▀█▄▀▀▀▀ ▄▄▄  ▄▄▀ █▀▄▄ █▀▄ █▀▀▀▀▀█ ▄█
█ █▄▄ ▄▄▄ █▄██ █▄▄▄▄▀▀█▄▄   ▄▄▄ ▀ █▄▀▄▀ ▀ ▀ ███▀  ▄▄▄ ▀▀▀▀█
█  ▀▀ █▄█  ▀▀  ▀▀▀█▄ █▀▀ ▄█ █▄█ █▄█ █▀ █▄▀▀▄▄   ▀ █▄█ █▄ ▄█
█  █▀ ▄▄ ▄█▀█ █▄ ██   ▄▄▀ █ ▄    █▀ ▄▀  ▀▀█▀█ █▄▄ ▄▄▄▄██▄██
█ ▀ ▀ ▄▄▀▀█▄ ▄▄▄█▄▄▀ ▄▄▄  █▀█▄▀▀▄▀ ▄▀█ ▄▀   ▀█ ▄▀█  ▄█▄▄▄▀█
██▄███ ▄▀▄██▀▀  ▄██▀▄ ▀▄▄▀█▀██ █ ▄▀▄██ ███▄█▄▄  ▄▀▄▄██▄█  █
█ ▄▀ ▄▄▄  ▄███ ███ ▄▀███ ▄████▄ ▄▀ █  ▀▀▀███ ▀ ▄██▀ ▀▄▄▀▄██
█▄▀ ██▀▄▀▀█▄▄▄▀█ ▄██  ▀ ▄▀█▄ ▄ ▀▀█ █▄█▄█  ▄ █▀█▀▀█▀▀█▀▄▀█▄█
██▀▄██ ▄▀▀█ ▀█  ▀ ▄▀ █ █ █▀ ▄ ▄ █▄▄▀██▄█▄▀▀█▄▄▄ ▄███▄ ▀▄█▄█
█▀█▀▄██▄█▀█▀▄▀█  ██▄▄ █  █▀█ █  ▀▀█▀ ██▀ ▄▄▀█▄ ▄▄▄▄█ ▄██ ▀█
█▀▀█▄▄█▄▄ █▀█▀██▄█▀▀ ▄ █  ▄▀██ ▄█▀▄▄▄▀ █  ▀ ▄█▄▄█  █ ██ ▄▀█
█ ▀ ▀▀▄▄██▄ ▄ █ ▄▄▀▀▄█▀ ▄▄▀▀   ▀█▀▀▄█▀▀█▀██▀ ██▄      ▀▄▄▄█
███████▄▄▀▄▀ █▄█▀▄  ▀ █▀█▄█ ▄▄▄  ▀ █   ▀▀█ █ █ ██ ▄▄▄    ▀█
█ ▄▄▄▄▄ ██ ▀▀▄██ ▀  █▀▀▀▀▀▄ █▄█  ▀▀▀▄▀█▀█▀▄   ██▄ █▄█ ▄▀▀██
█ █   █ █▀▀▀▀▄▄▄▀███ ▄▄█ ▀█  ▄  █▄▀▀▀▀ ▄ █▀█▀▄▀▀▀▄▄▄  █ ▀▄█
█ █▄▄▄█ █   █▀▄▀  ▄▀▄▀▄ █▀▄  ██▀▄▀▀▀ █   ▀ ██ ▄  ▄ ▀██▄▄█▀█
█▄▄▄▄▄▄▄█▄▄█▄▄█▄█▄▄██▄▄▄▄▄▄██████▄██▄█▄█▄▄█▄██▄██▄▄▄███▄███

▄▄▄▄▄▄▄▄▄▄▄▄▄▄▄▄▄▄▄▄▄▄▄▄▄▄▄▄▄▄▄▄▄▄▄▄▄▄▄▄▄▄▄▄▄▄▄▄▄▄▄▄▄▄▄▄▄▄▄
█ ▄▄▄▄▄ █▄▄▀█▀▄▄▄▀▀█ ▀ █▄▄▀█▄▀ ▄▄▀█▀ ▀ ▀█▄ ▄▄▀ ▄ ██ ▄▄▄▄▄ █
█ █   █ █  ▀  ▀▄█▄  ▄███ ▀ █▄█ █▀█▄ ▀ █▀▄▄▄▀ █▀▄ ██ █   █ █
█ █▄▄▄█ █▄▄▀▄▀▀█▀▀▄  ▀█▄ █▀ ▄▄▄ ▀█ ▀▀▀  ▀  ▀ █▄▀▄██ █▄▄▄█ █
█▄▄▄▄▄▄▄█▄█ █▄▀▄█▄▀ ▀▄█▄▀▄█ █▄█ ▀ ▀ █ █▄█▄▀ █▄█ █ █▄▄▄▄▄▄▄█
█▄▄  ██▄▀ ▀ █▄████▄▀▀▄  ▀▀▀▄▄    █ ▄▀▀ ▄▄▄  ███▄▄  ██▄▄ █ █
█▀  ▀▀▄▄▀▄▄▀▄▀ ▀ ▄ ██ ▄▄▀█▄▄▀█ ▀▀▄██  ▄█ █  ▄ ██ █ ▄▀▀ ▄  █
█▀▀▄▄  ▄▄██▀▀▄▄  ██▄ ▀█▄ ██▀ ▀█▀▄▀▀█    ▄▀████ ▄█▄▀ █▀▀▄▀▄█
███▀█ ▄▄▄▄▀▀▄ █▄ █▀▄ ▄ ▀▄█▀▄▀██▀▀▀▀▄██▄██▀▄█  ▄▄ ▄▄█▀▄▀▀▀▀█
█  ▀▀ ▄▄▄█▀ █▀▄▄ ▀▀█▄▄ ▀▀███▄▄▀▄█ ▄ ▄▀▀█ ████    ▄▄▄▄▀▀██▄█
██▀▀█▀█▄ █▄ ▀ ▀▀ █▀ ██▄▀  ▄▀█ ▄ ▄▀█ ▀█▄ ▀ ▄█▄  ▀  ▄ ▄█▄█▄██
█▄  ▄▀ ▄▀  ▄▄▄ ██ ▀███  ▀█▀ ▄ ▀▀▀█▄▄ ▀▄▄▀ ▀▀███▄▄  ▄  ▄█ ▀█
█  ▄ ▄▀▄▀ █▀████▀▄▀▄ ▄▀█  █▀▀█▀  ▄▀█▀█ ▀█▄ ███▀ ▀▄█▄ █ ██▄█
██ ▀█▄▀▄▀▀▄█ █▄▀ █ ▄█ █▀█▄▀█▀▀ ▄▄▄  ▄▄▀ █▀▄▄ █▀▄▄▄  ▄▀▀█ ▄█
█ █▄▄ ▄▄▄ ▀ ▀▀▄▄▄▄▄▄▀▀█▄▄   ▄▄▄ ▀ █▄▀▄▀▄▀ █ ████▄ ▄▄▄ ▀▀▀▀█
█  ▄▀ █▄█ █▀▀ █▄▀▀█▄ █▀▀ ▄█ █▄█ █▄ ▀█▀▄▄▄▀▄▄▄  ▀  █▄█ ▄  ▄█
█  █▀▄▄▄ ▄█▀█ █▄ █▀█  ▄▀▀ ▄ ▄    █   █▄▄█▀ ██▄ ▄▀ ▄▄▄▄▀▄▄██
█ ▀   ▄▄ ██▄ ▄▄▄ █▄█ █▄▄▄ █▀██▀▀▄▀ ▄ ▀██▀▄▀▀▄██▄▀█  ▄▄█▄ ▀█
█▄▄▄▄█ ▄▄▀██▀▀  ▄▄█▀▀ ▀▄█ █▀▀  █  ▀▄▄▄▀██▄▄▄█ ▀ █▀▄▄▄█▄██ █
█▀▀▀ ▄▄▄  ▄█▄  ███ ▄▀███ ▄█████  █ █  ▀▀█▀██▄█ ▄██▀ ▀▄▄▀▄██
█▄▀ ██▀▄▀▀▄▄ ▄ █ ▄██  ▀ ▄▀█▄ ▄▄▀▀█ █▄█▄█▀▀▄ █▀█▀▀█▀▀█▀▄▀█▄█
██▀▄█  ▄▀▀▄ █▀█▀▀ ▄▀ █ █ █▀ ▄ ▄ █▄▄▀██▄█▄▀▀█▄▄▄ ▄█▄▀▄ █▄█▄█
█▀█▀▄▄▄▄█▀ ▀▄ █  ██▄▄ █  █▀█ █  ▀▀▀▀ █▀▀ ▄▄██▄▄▄▄▀ ▀ ▄▄█ ▀█
█▀▀ ▀▄▄▄  █▄█▀▀ ▄█▀▀ ▄ █  █ ██ ▄█▀██▄▀ ▄   ▀▄███▀▄▄ ▄▄▀█▄▀█
█ ▀ ▀▀▄▄ ▄▄ ▄ █ ▄▄▄▄▄███▄▄     ▀█▀ ▄▀▀▀ ▀██▄▄▀ █ ▀█ █▄▀▄▄▄█
███████▄█▀▄▀ █▄█ ▄▀ ▀▀█▀█▄█ ▄▄▄  ▀ █▄   ▀█▄█▄▀▀▄▀ ▄▄▄ ▀  ██
█ ▄▄▄▄▄ ██ ▀▀▄██ ▀  █ ▀▀  ▄ █▄█ ▄▀▀▀ ▀▄▀███   ▄██ █▄█ ▄▀▀▀█
█ █   █ █▀▀▀█ ▄▄▀███ ▄▄█ ▀█  ▄    ▀▀▀█ ▄▄█▀█  ▀▀ ▄▄▄▄▄█  ▄█
█ █▄▄▄█ █ ▀▀ █ █  ▄▀▄▀▄ █▀▄  ██▀▄▀▀▀▀█  ▀▀ ██ ▄  ▄ ▀▀█▄▄█▀█
█▄▄▄▄▄▄▄█▄███▄█▄█▄▄██▄▄▄▄▄▄██▄███▄██▄█▄█▄▄█▄██▄██▄▄▄███▄███

{"level":30,"time":1781023568578,"pid":13564,"hostname":"DESKTOP-S43JR5G","trace":"Error: QR refs attempts ended\n    at Timeout.genPairQR [as _onTimeout] (C:\\Users\\facun\\Documents\\Usagi\\LaExtra\\python\\whatsapp-service\\node_modules\\@whiskeysockets\\baileys\\lib\\Socket\\socket.js:480:21)\n    at listOnTimeout (node:internal/timers:605:17)\n    at process.processTimers (node:internal/timers:541:7)","msg":"connection errored"}
Connection status: close
Last disconnect error details: Error: QR refs attempts ended
    at Timeout.genPairQR [as _onTimeout] (C:\Users\facun\Documents\Usagi\LaExtra\python\whatsapp-service\node_modules\@whiskeysockets\baileys\lib\Socket\socket.js:480:21)
    at listOnTimeout (node:internal/timers:605:17)
    at process.processTimers (node:internal/timers:541:7) {
  data: null,
  isBoom: true,
  isServer: false,
  output: {
    statusCode: 408,
    payload: {
      statusCode: 408,
      error: 'Request Time-out',
      message: 'QR refs attempts ended'
    },
    headers: {}
  }
}
Connection closed. Logged out: false, Status Code: 408
Reconnecting / Restarting WhatsApp socket connection in 5 seconds...
Fetched latest WhatsApp version: 2.3000.1035194821
Connection status: connecting
{"level":30,"time":1781023573922,"pid":13564,"hostname":"DESKTOP-S43JR5G","browser":["Windows","Chrome","120.0.0.0"],"helloMsg":{"clientHello":{"ephemeral":"ec/4ncLByimndyp9cm/uZfSBq9d4vXqIIKHV0gZ+HR4="}},"msg":"connected to WA"}
{"level":30,"time":1781023574151,"pid":13564,"hostname":"DESKTOP-S43JR5G","node":{"passive":false,"userAgent":{"platform":"WEB","appVersion":{"primary":2,"secondary":3000,"tertiary":1035194821},"osVersion":"0.1","device":"Desktop","osBuildNumber":"0.1","releaseChannel":"RELEASE","localeLanguageIso6391":"en","localeCountryIso31661Alpha2":"US"},"webInfo":{"webSubPlatform":"WEB_BROWSER"},"connectType":"WIFI_UNKNOWN","connectReason":"USER_ACTIVATED","devicePairingData":{"eRegid":"AAAAyg==","eKeytype":"BQ==","eIdent":"GIihJuRuJa9ylTLUN/iCqV7St4nG6PU3edgK2yoiXX0=","eSkeyId":"AAAB","eSkeyVal":"WHaX2dKFs9rFFkNF3QVa8zbjgurlI/lX7quOvYTuLG4=","eSkeySig":"OutLGSGv0dBXRT5wGS7p2ZhDfyl17sBfSfEfdPKYEbqoIuKVH28PuZ77STTtMmqAK3HK3Rfd9qcf1kuhR6RwAA==","buildHash":"oslHHv+RCp4a5lmJCiiHLQ==","deviceProps":"CgdXaW5kb3dzGAEgAA=="}},"msg":"not logged in, attempting registration..."}
▄▄▄▄▄▄▄▄▄▄▄▄▄▄▄▄▄▄▄▄▄▄▄▄▄▄▄▄▄▄▄▄▄▄▄▄▄▄▄▄▄▄▄▄▄▄▄▄▄▄▄▄▄▄▄▄▄▄▄
█ ▄▄▄▄▄ █▀▀▀▄██▀▀▀▀█ ▀█▄▀ ▄▀▀▄▀▄█ ▄▀▄▀▄█▀▀▄▄ ▀▄▄ ██ ▄▄▄▄▄ █
█ █   █ █▀▀ █▀▀▄▄█ ▀███▄▀ ▀█▄█▄██▄▄▀  ▄▄▄█  █▄ ▄ ██ █   █ █
█ █▄▄▄█ █▀    ▄█▄███▄ █▀▀ █ ▄▄▄ ▄▄█▀█▀ ██▄    ▀▀▄██ █▄▄▄█ █
█▄▄▄▄▄▄▄█▄▀▄▀ █▄▀▄▀▄▀ █ █ █ █▄█ ▀▄█ ▀▄▀ ▀▄▀ █▄▀ ▀▄█▄▄▄▄▄▄▄█
█▄▄ ▄▄▀▄ ▄▄▄█▄ █▀▄▄▄▀█▀▀▀▀▄  ▄  ▀█▀█▀▄ █▀▀   ██▄▀▀ █ ▀▄▀ ▀█
█▀▄▀▄▄ ▄▄▄█ █▀▄ ▀▄▀ ▀▀▀ ▄▄▀▄▀▀▀▄█▀ ▀▄ ▄▄ ▀▄█▀▀ █ ▀ ▄ ▀▀▀▄▀█
█ ▀▀▀▀ ▄ ▄ █ █▄▄██▀ ▀▄▀▄ ▀ ▄█▀▀█▄█▄▄  ▀▄██▄▀▄▀▀█   ▄ ▀▀  ▀█
██▀█▀▀▀▄▀▀ █▀▀█  ▄ ▀█ ▀███ ▄ ▄▀▄▄▀█▄▀██▀  ▀▀█▄█▄▄▄ █ ▄ ▀▄██
██▄ ▀▄▀▄▄ ▄▀ ▄ ▀█▄▄ ▀▄██▀▀ ▄▀ ▄▀ █ █▀  █▀█▀  █▄▄█▀ ▄█▀  ▀██
█▀▄▄▄▄ ▄  ▀▀▄█▀█ ▀▄▀▀▀▀█▄▀ ██ ▄█ ▀▀▄▀█ ███▄ █ ▄▀▄ █ ▄█▀▀▄▀█
█▄▀ ▄▀ ▄██▀█▄▄▀█▄▀ ▄▄███▀▄▀ ▄█▀  ▀███ ▀█▀█▀▀█▀▄█▄▀ ▄█▀█ ▀▀█
██▀ ▀▄▀▄▄▄▀▀▀ █▄▄ ▀█▄█▄▄▀█▀ ▀▀  █▄█▀▀██▀▄▄ ▀██ ▀▄▀▄█ ▀ ▀▀██
█▄  ▄█▄▄▀▀ █  ▀ ▄█▀▄█▄██ ▀█▀▀▀▄▀▄ ▄ ▄▄▀▄▀█▀▀ ██▄▀▀▀██▀█▀▄▄█
█▀ ▄▀ ▄▄▄ ▀▄ ▀█ ▀▀▄█ ▀▄██▀▀ ▄▄▄    █▄█▄ ▄ ▄██▄ ▄▄ ▄▄▄ ▀  ▀█
█ ▀██ █▄█ ▀▀█▀▄ ▄█▄▀▀█▄█ ▀▀ █▄█ ██▄█ ▄▄▄██▄▀▄█▄▄  █▄█ ▀  ▀█
██ ▄█▄▄▄ ▄▄▄▀█ ▀████▀█▄▀█▀▄▄ ▄ ▄ █▄ ▄▀▄▄ ▄▄▀█ ▄██▄▄ ▄▄▄▀▀██
█▄█████▄██ ▄█▄█▄▀▄  ▀█▀█▀ ▄▀▄█▀ ▄▀▀█  ▀▄▀█▀▀ ▀███▄▀▀▄▄▄█▄▄█
█▀  ▀▀█▄  █▄▀█▀▄▀▀█ ▄▄    █ ▀ ▀ ▄▀▄▄█▀▀▀█  ▀█▀█▄▀▄▄▀▀▀ ▀ ▀█
█ ▀▄▄▄█▄▄▄▄▄██▄█▀█▀▄▀▀▀█▄ █▄▀██▀ █ ▄ ▄▀█▀█  ▄▀█▄█ ▀█▄▄ █▄▀█
█▀    ▄▄█ █▄ ▀ █▀█▀ ▀  ▄▄ ▄▄▀█  ▀█▀▄█▄ █ ▄█ ▄  █ █▄█▀██ ▄▄█
█ ▀▄▀▀▄▄██ ▀▄▄▄▄▄▄  ▄▄██▄▀█▀██  ▀█▀█▄ ▄▄▀▀▀▀ ██▄▀▀█ ▀▄▄██▀█
█▄▀▀ ▀▄▄ ▀██ ▀  ▀ ▀ ██▀ ▄██▀ █▀▄▀▀▀█▄▄▄ █▀▄▄▄▀  █▄▀▀▀ █▀▄██
█▀▀█▀█ ▄█ ▄▄ ▄▄ ▄▄▀  ▄▀▄▀ ▄██▄▄▄ ▀▄▄█▄▀█▄█   █▀▄█▀▄ ▄█ ▀█▀█
█ ▀ ▀▀▄▄ ▄█ █▄▀ ▄▀▄▄███ ▀▀█ ██  ███  ▀▀▀ █▀▀█▄▀▄▀▄▄█▀▀█▀ ██
███████▄█ ▄ ▄▄▀▄█▄ ▄ █▀█  ▀ ▄▄▄  █▄█▄▄██▀█   ▀▄▄▀ ▄▄▄ ▄▀ ██
█ ▄▄▄▄▄ █▄▀▄ ▀▀▄▀▀█   ▄█▄ █ █▄█ █▀███▄ ▄█▀▄█▄█ ▀▀ █▄█    ▀█
█ █   █ █ ▀   █ ▄▀▄▄▄█▄▀▀▄▀    ▄▄▀█▄ ▄ ███▀▀▄▀██▀     █ █▄█
█ █▄▄▄█ █ ▀▄▀▄▄ ▄ ▀▀▄█ ▄▀█ ▀▄█▀████▀▀▀▀█▄█▀▀██▄  ▄▀███▀ ███
█▄▄▄▄▄▄▄█▄█▄▄▄▄█▄▄▄▄▄▄▄██▄▄█▄▄█▄▄▄▄▄▄▄█▄███▄▄█▄██▄██▄██▄▄██

Graceful shutdown requested.
{"level":30,"time":1781023605758,"pid":13564,"hostname":"DESKTOP-S43JR5G","msg":"connection closed"}
